Component: Arm Compiler for Embedded 6.19 Tool: armlink [5e73cb00]

==============================================================================

Section Cross References

    startup_stm32f103xb.o(STACK) refers (Special) to heapauxi.o(.text) for __use_two_region_memory
    startup_stm32f103xb.o(HEAP) refers (Special) to heapauxi.o(.text) for __use_two_region_memory
    startup_stm32f103xb.o(RESET) refers (Special) to heapauxi.o(.text) for __use_two_region_memory
    startup_stm32f103xb.o(RESET) refers to startup_stm32f103xb.o(STACK) for __initial_sp
    startup_stm32f103xb.o(RESET) refers to startup_stm32f103xb.o(.text) for Reset_Handler
    startup_stm32f103xb.o(RESET) refers to stm32f1xx_it.o(.text.NMI_Handler) for NMI_Handler
    startup_stm32f103xb.o(RESET) refers to stm32f1xx_it.o(.text.HardFault_Handler) for HardFault_Handler
    startup_stm32f103xb.o(RESET) refers to stm32f1xx_it.o(.text.MemManage_Handler) for MemManage_Handler
    startup_stm32f103xb.o(RESET) refers to stm32f1xx_it.o(.text.BusFault_Handler) for BusFault_Handler
    startup_stm32f103xb.o(RESET) refers to stm32f1xx_it.o(.text.UsageFault_Handler) for UsageFault_Handler
    startup_stm32f103xb.o(RESET) refers to stm32f1xx_it.o(.text.SVC_Handler) for SVC_Handler
    startup_stm32f103xb.o(RESET) refers to stm32f1xx_it.o(.text.DebugMon_Handler) for DebugMon_Handler
    startup_stm32f103xb.o(RESET) refers to stm32f1xx_it.o(.text.PendSV_Handler) for PendSV_Handler
    startup_stm32f103xb.o(RESET) refers to stm32f1xx_it.o(.text.SysTick_Handler) for SysTick_Handler
    startup_stm32f103xb.o(RESET) refers to stm32f1xx_it.o(.text.USB_LP_CAN1_RX0_IRQHandler) for USB_LP_CAN1_RX0_IRQHandler
    startup_stm32f103xb.o(.text) refers (Special) to heapauxi.o(.text) for __use_two_region_memory
    startup_stm32f103xb.o(.text) refers to system_stm32f1xx.o(.text.SystemInit) for SystemInit
    startup_stm32f103xb.o(.text) refers to __main.o(!!!main) for __main
    startup_stm32f103xb.o(.text) refers to startup_stm32f103xb.o(HEAP) for Heap_Mem
    startup_stm32f103xb.o(.text) refers to startup_stm32f103xb.o(STACK) for Stack_Mem
    main.o(.text.main) refers to stm32f1xx_hal.o(.text.HAL_Init) for HAL_Init
    main.o(.text.main) refers to stm32f1xx_hal_rcc.o(.text.HAL_RCC_OscConfig) for HAL_RCC_OscConfig
    main.o(.text.main) refers to stm32f1xx_hal_rcc.o(.text.HAL_RCC_ClockConfig) for HAL_RCC_ClockConfig
    main.o(.text.main) refers to gpio.o(.text.MX_GPIO_Init) for MX_GPIO_Init
    main.o(.text.main) refers to can.o(.text.MX_CAN_Init) for MX_CAN_Init
    main.o(.text.main) refers to usart.o(.text.MX_USART2_UART_Init) for MX_USART2_UART_Init
    main.o(.text.main) refers to can_app.o(.text.CanFilterInit) for CanFilterInit
    main.o(.text.main) refers to can_app.o(.bss..L_MergedGlobals.17) for uploadFlag
    main.o(.text.main) refers to stm32f1xx_hal.o(.text.HAL_Delay) for HAL_Delay
    main.o(.text.main) refers to can_app.o(.text.carDataUpdate) for carDataUpdate
    main.o(.text.main) refers to noretval__2printf.o(.text) for __2printf
    main.o(.ARM.exidx.text.main) refers to main.o(.text.main) for [Anonymous Symbol]
    main.o(.text.SystemClock_Config) refers to stm32f1xx_hal_rcc.o(.text.HAL_RCC_OscConfig) for HAL_RCC_OscConfig
    main.o(.text.SystemClock_Config) refers to stm32f1xx_hal_rcc.o(.text.HAL_RCC_ClockConfig) for HAL_RCC_ClockConfig
    main.o(.ARM.exidx.text.SystemClock_Config) refers to main.o(.text.SystemClock_Config) for [Anonymous Symbol]
    main.o(.ARM.exidx.text.Error_Handler) refers to main.o(.text.Error_Handler) for [Anonymous Symbol]
    gpio.o(.ARM.exidx.text.MX_GPIO_Init) refers to gpio.o(.text.MX_GPIO_Init) for [Anonymous Symbol]
    can.o(.text.MX_CAN_Init) refers to can.o(.bss.hcan) for hcan
    can.o(.text.MX_CAN_Init) refers to stm32f1xx_hal_can.o(.text.HAL_CAN_Init) for HAL_CAN_Init
    can.o(.text.MX_CAN_Init) refers to main.o(.text.Error_Handler) for Error_Handler
    can.o(.ARM.exidx.text.MX_CAN_Init) refers to can.o(.text.MX_CAN_Init) for [Anonymous Symbol]
    can.o(.text.HAL_CAN_MspInit) refers to stm32f1xx_hal_gpio.o(.text.HAL_GPIO_Init) for HAL_GPIO_Init
    can.o(.text.HAL_CAN_MspInit) refers to stm32f1xx_hal_cortex.o(.text.HAL_NVIC_SetPriority) for HAL_NVIC_SetPriority
    can.o(.text.HAL_CAN_MspInit) refers to stm32f1xx_hal_cortex.o(.text.HAL_NVIC_EnableIRQ) for HAL_NVIC_EnableIRQ
    can.o(.ARM.exidx.text.HAL_CAN_MspInit) refers to can.o(.text.HAL_CAN_MspInit) for [Anonymous Symbol]
    can.o(.text.HAL_CAN_MspDeInit) refers to stm32f1xx_hal_gpio.o(.text.HAL_GPIO_DeInit) for HAL_GPIO_DeInit
    can.o(.text.HAL_CAN_MspDeInit) refers to stm32f1xx_hal_cortex.o(.text.HAL_NVIC_DisableIRQ) for HAL_NVIC_DisableIRQ
    can.o(.ARM.exidx.text.HAL_CAN_MspDeInit) refers to can.o(.text.HAL_CAN_MspDeInit) for [Anonymous Symbol]
    usart.o(.text.MX_USART2_UART_Init) refers to usart.o(.bss.huart2) for huart2
[...]
    ../clib/libinit.s                        0x00000000   Number         0  libinit2.o ABSOLUTE
    ../clib/libinit.s                        0x00000000   Number         0  libshutdown2.o ABSOLUTE
    ../clib/libinit.s                        0x00000000   Number         0  libshutdown.o ABSOLUTE
    ../clib/maybe.s                          0x00000000   Number         0  maybetermalloc1.o ABSOLUTE
    ../clib/maybe.s                          0x00000000   Number         0  maybetermalloc2.o ABSOLUTE
    ../clib/memcpset.s                       0x00000000   Number         0  rt_memclr_w.o ABSOLUTE
    ../clib/memcpset.s                       0x00000000   Number         0  rt_memcpy_w.o ABSOLUTE
    ../clib/printf.c                         0x00000000   Number         0  __2printf.o ABSOLUTE
    ../clib/printf.c                         0x00000000   Number         0  noretval__2printf.o ABSOLUTE
    ../clib/printf.c                         0x00000000   Number         0  _printf_char_file.o ABSOLUTE
    ../clib/printf.c                         0x00000000   Number         0  _printf_char_common.o ABSOLUTE
    ../clib/printf.c                         0x00000000   Number         0  __printf_nopercent.o ABSOLUTE
    ../clib/signal.c                         0x00000000   Number         0  defsig_rtred_outer.o ABSOLUTE
    ../clib/signal.c                         0x00000000   Number         0  defsig_rtred_formal.o ABSOLUTE
    ../clib/signal.c                         0x00000000   Number         0  defsig_exit.o ABSOLUTE
    ../clib/signal.c                         0x00000000   Number         0  defsig_rtred_inner.o ABSOLUTE
    ../clib/signal.c                         0x00000000   Number         0  __raise.o ABSOLUTE
    ../clib/signal.c                         0x00000000   Number         0  defsig_general.o ABSOLUTE
    ../clib/signal.c                         0x00000000   Number         0  defsig_rtmem_outer.o ABSOLUTE
    ../clib/signal.c                         0x00000000   Number         0  defsig_rtmem_formal.o ABSOLUTE
    ../clib/signal.c                         0x00000000   Number         0  defsig_rtmem_inner.o ABSOLUTE
    ../clib/signal.c                         0x00000000   Number         0  defsig_abrt_inner.o ABSOLUTE
    ../clib/signal.c                         0x00000000   Number         0  defsig_fpe_inner.o ABSOLUTE
    ../clib/signal.c                         0x00000000   Number         0  defsig_stak_inner.o ABSOLUTE
    ../clib/signal.c                         0x00000000   Number         0  defsig_pvfn_inner.o ABSOLUTE
    ../clib/signal.c                         0x00000000   Number         0  defsig_cppl_inner.o ABSOLUTE
    ../clib/signal.c                         0x00000000   Number         0  defsig_segv_inner.o ABSOLUTE
    ../clib/signal.c                         0x00000000   Number         0  defsig_other.o ABSOLUTE
    ../clib/signal.s                         0x00000000   Number         0  defsig.o ABSOLUTE
    ../clib/stdio.c                          0x00000000   Number         0  puts.o ABSOLUTE
    ../clib/stdio.c                          0x00000000   Number         0  stdio_streams.o ABSOLUTE
    ../clib/stdio.c                          0x00000000   Number         0  ferror.o ABSOLUTE
    ../clib/stdio.c                          0x00000000   Number         0  initio.o ABSOLUTE
    ../clib/stdio.c                          0x00000000   Number         0  ferror_locked.o ABSOLUTE
    ../clib/stdio.c                          0x00000000   Number         0  initio_locked.o ABSOLUTE
    ../clib/stdio.c                          0x00000000   Number         0  setvbuf.o ABSOLUTE
    ../clib/stdio.c                          0x00000000   Number         0  streamlock.o ABSOLUTE
    ../clib/stdio.c                          0x00000000   Number         0  fopen.o ABSOLUTE
    ../clib/stdio.c                          0x00000000   Number         0  fclose.o ABSOLUTE
    ../clib/stdio.c                          0x00000000   Number         0  setvbuf_locked.o ABSOLUTE
    ../clib/stdio.c                          0x00000000   Number         0  fopen_locked.o ABSOLUTE
    ../clib/stdio.c                          0x00000000   Number         0  fseek.o ABSOLUTE
    ../clib/stdio.c                          0x00000000   Number         0  stdio.o ABSOLUTE
    ../clib/stdio.c                          0x00000000   Number         0  ftell.o ABSOLUTE
    ../clib/stdlib.c                         0x00000000   Number         0  exit.o ABSOLUTE
    ../clib/string.c                         0x00000000   Number         0  strlen.o ABSOLUTE
    ../fplib/daddsub.s                       0x00000000   Number         0  daddsub_clz.o ABSOLUTE
    ../fplib/ddiv.s                          0x00000000   Number         0  ddiv.o ABSOLUTE
    ../fplib/dfix.s                          0x00000000   Number         0  dfix.o ABSOLUTE
    ../fplib/dflt.s                          0x00000000   Number         0  dflt_clz.o ABSOLUTE
    ../fplib/dmul.s                          0x00000000   Number         0  dmul.o ABSOLUTE
    ../fplib/dnaninf.s                       0x00000000   Number         0  dnaninf.o ABSOLUTE
    ../fplib/dretinf.s                       0x00000000   Number         0  dretinf.o ABSOLUTE
    ../fplib/fpinit.s                        0x00000000   Number         0  fpinit.o ABSOLUTE
    ../fplib/fpinit_empty.s                  0x00000000   Number         0  fpinit_empty.o ABSOLUTE
    ../fplib/usenofp.s                       0x00000000   Number         0  usenofp.o ABSOLUTE
    CAN_APP.c                                0x00000000   Number         0  can_app.o ABSOLUTE
    can.c                                    0x00000000   Number         0  can.o ABSOLUTE
    dc.s                                     0x00000000   Number         0  dc.o ABSOLUTE
    gpio.c                                   0x00000000   Number         0  gpio.o ABSOLUTE
    main.c                                   0x00000000   Number         0  main.o ABSOLUTE
    startup_stm32f103xb.s                    0x00000000   Number         0  startup_stm32f103xb.o ABSOLUTE
    stm32f1xx_hal.c                          0x00000000   Number         0  stm32f1xx_hal.o ABSOLUTE
    stm32f1xx_hal_can.c                      0x00000000   Number         0  stm32f1xx_hal_can.o ABSOLUTE
    stm32f1xx_hal_cortex.c                   0x00000000   Number         0  stm32f1xx_hal_cortex.o ABSOLUTE
    stm32f1xx_hal_dma.c                      0x00000000   Number         0  stm32f1xx_hal_dma.o ABSOLUTE
    stm32f1xx_hal_exti.c                     0x00000000   Number         0  stm32f1xx_hal_exti.o ABSOLUTE
    stm32f1xx_hal_flash.c                    0x00000000   Number         0  stm32f1xx_hal_flash.o ABSOLUTE
    stm32f1xx_hal_flash_ex.c                 0x00000000   Number         0  stm32f1xx_hal_flash_ex.o ABSOLUTE
    stm32f1xx_hal_gpio.c                     0x00000000   Number         0  stm32f1xx_hal_gpio.o ABSOLUTE
    stm32f1xx_hal_gpio_ex.c                  0x00000000   Number         0  stm32f1xx_hal_gpio_ex.o ABSOLUTE
    stm32f1xx_hal_msp.c                      0x00000000   Number         0  stm32f1xx_hal_msp.o ABSOLUTE
    stm32f1xx_hal_pwr.c                      0x00000000   Number         0  stm32f1xx_hal_pwr.o ABSOLUTE
    stm32f1xx_hal_rcc.c                      0x00000000   Number         0  stm32f1xx_hal_rcc.o ABSOLUTE
    stm32f1xx_hal_rcc_ex.c                   0x00000000   Number         0  stm32f1xx_hal_rcc_ex.o ABSOLUTE
    stm32f1xx_hal_tim.c                      0x00000000   Number         0  stm32f1xx_hal_tim.o ABSOLUTE
    stm32f1xx_hal_tim_ex.c                   0x00000000   Number         0  stm32f1xx_hal_tim_ex.o ABSOLUTE
    stm32f1xx_hal_uart.c                     0x00000000   Number         0  stm32f1xx_hal_uart.o ABSOLUTE
    stm32f1xx_it.c                           0x00000000   Number         0  stm32f1xx_it.o ABSOLUTE
    system_stm32f1xx.c                       0x00000000   Number         0  system_stm32f1xx.o ABSOLUTE
    usart.c                                  0x00000000   Number         0  usart.o ABSOLUTE
    RESET                                    0x08000000   Section      236  startup_stm32f103xb.o(RESET)
    !!!main                                  0x080000ec   Section        8  __main.o(!!!main)
    !!!scatter                               0x080000f4   Section       52  __scatter.o(!!!scatter)
    !!handler_copy                           0x08000128   Section       26  __scatter_copy.o(!!handler_copy)
    !!handler_zi                             0x08000144   Section       28  __scatter_zi.o(!!handler_zi)
    .ARM.Collect$$libinit$$00000000          0x08000160   Section        2  libinit.o(.ARM.Collect$$libinit$$00000000)
    .ARM.Collect$$libinit$$00000002          0x08000162   Section        0  libinit2.o(.ARM.Collect$$libinit$$00000002)
    .ARM.Collect$$libinit$$00000004          0x08000162   Section        0  libinit2.o(.ARM.Collect$$libinit$$00000004)
    .ARM.Collect$$libinit$$00000006          0x08000162   Section        0  libinit2.o(.ARM.Collect$$libinit$$00000006)
    .ARM.Collect$$libinit$$00000007          0x08000162   Section        8  libinit2.o(.ARM.Collect$$libinit$$00000007)
    .ARM.Collect$$libinit$$0000000C          0x0800016a   Section        0  libinit2.o(.ARM.Collect$$libinit$$0000000C)
    .ARM.Collect$$libinit$$0000000E          0x0800016a   Section        0  libinit2.o(.ARM.Collect$$libinit$$0000000E)
    .ARM.Collect$$libinit$$00000010          0x0800016a   Section        0  libinit2.o(.ARM.Collect$$libinit$$00000010)
    .ARM.Collect$$libinit$$00000013          0x0800016a   Section        0  libinit2.o(.ARM.Collect$$libinit$$00000013)
    .ARM.Collect$$libinit$$00000015          0x0800016a   Section        0  libinit2.o(.ARM.Collect$$libinit$$00000015)
    .ARM.Collect$$libinit$$00000017          0x0800016a   Section        0  libinit2.o(.ARM.Collect$$libinit$$00000017)
    .ARM.Collect$$libinit$$00000019          0x0800016a   Section        0  libinit2.o(.ARM.Collect$$libinit$$00000019)
    .ARM.Collect$$libinit$$0000001B          0x0800016a   Section        0  libinit2.o(.ARM.Collect$$libinit$$0000001B)
    .ARM.Collect$$libinit$$0000001D          0x0800016a   Section        0  libinit2.o(.ARM.Collect$$libinit$$0000001D)
    .ARM.Collect$$libinit$$0000001F          0x0800016a   Section        0  libinit2.o(.ARM.Collect$$libinit$$0000001F)
    .ARM.Collect$$libinit$$00000021          0x0800016a   Section        0  libinit2.o(.ARM.Collect$$libinit$$00000021)
    .ARM.Collect$$libinit$$00000023          0x0800016a   Section        0  libinit2.o(.ARM.Collect$$libinit$$00000023)
    .ARM.Collect$$libinit$$00000025          0x0800016a   Section        0  libinit2.o(.ARM.Collect$$libinit$$00000025)
    .ARM.Collect$$libinit$$00000026          0x0800016a   Section        4  libinit2.o(.ARM.Collect$$libinit$$00000026)
    .ARM.Collect$$libinit$$00000027          0x0800016e   Section        0  libinit2.o(.ARM.Collect$$libinit$$00000027)
    .ARM.Collect$$libinit$$0000002E          0x0800016e   Section        0  libinit2.o(.ARM.Collect$$libinit$$0000002E)
    .ARM.Collect$$libinit$$00000030          0x0800016e   Section        0  libinit2.o(.ARM.Collect$$libinit$$00000030)
    .ARM.Collect$$libinit$$00000032          0x0800016e   Section        0  libinit2.o(.ARM.Collect$$libinit$$00000032)
    .ARM.Collect$$libinit$$00000034          0x0800016e   Section        0  libinit2.o(.ARM.Collect$$libinit$$00000034)
    .ARM.Collect$$libinit$$00000035          0x0800016e   Section        2  libinit2.o(.ARM.Collect$$libinit$$00000035)
    .ARM.Collect$$libshutdown$$00000000      0x08000170   Section        2  libshutdown.o(.ARM.Collect$$libshutdown$$00000000)
    .ARM.Collect$$libshutdown$$00000002      0x08000172   Section        0  libshutdown2.o(.ARM.Collect$$libshutdown$$00000002)
    .ARM.Collect$$libshutdown$$00000003      0x08000172   Section        4  libshutdown2.o(.ARM.Collect$$libshutdown$$00000003)
    .ARM.Collect$$libshutdown$$00000004      0x08000176   Section        0  libshutdown2.o(.ARM.Collect$$libshutdown$$00000004)
    .ARM.Collect$$libshutdown$$00000007      0x08000176   Section        0  libshutdown2.o(.ARM.Collect$$libshutdown$$00000007)
    .ARM.Collect$$libshutdown$$0000000A      0x08000176   Section        0  libshutdown2.o(.ARM.Collect$$libshutdown$$0000000A)
    .ARM.Collect$$libshutdown$$0000000C      0x08000176   Section        0  libshutdown2.o(.ARM.Collect$$libshutdown$$0000000C)
    .ARM.Collect$$libshutdown$$0000000F      0x08000176   Section        0  libshutdown2.o(.ARM.Collect$$libshutdown$$0000000F)
    .ARM.Collect$$libshutdown$$00000010      0x08000176   Section        2  libshutdown2.o(.ARM.Collect$$libshutdown$$00000010)
    .ARM.Collect$$rtentry$$00000000          0x08000178   Section        0  __rtentry.o(.ARM.Collect$$rtentry$$00000000)
    .ARM.Collect$$rtentry$$00000002          0x08000178   Section        0  __rtentry2.o(.ARM.Collect$$rtentry$$00000002)
    .ARM.Collect$$rtentry$$00000004          0x08000178   Section        6  __rtentry4.o(.ARM.Collect$$rtentry$$00000004)
    .ARM.Collect$$rtentry$$00000009          0x0800017e   Section        0  __rtentry2.o(.ARM.Collect$$rtentry$$00000009)
    .ARM.Collect$$rtentry$$0000000A          0x0800017e   Section        4  __rtentry2.o(.ARM.Collect$$rtentry$$0000000A)
    .ARM.Collect$$rtentry$$0000000C          0x08000182   Section        0  __rtentry2.o(.ARM.Collect$$rtentry$$0000000C)
    .ARM.Collect$$rtentry$$0000000D          0x08000182   Section        8  __rtentry2.o(.ARM.Collect$$rtentry$$0000000D)
    .ARM.Collect$$rtexit$$00000000           0x0800018a   Section        2  rtexit.o(.ARM.Collect$$rtexit$$00000000)
    .ARM.Collect$$rtexit$$00000002           0x0800018c   Section        0  rtexit2.o(.ARM.Collect$$rtexit$$00000002)
    .ARM.Collect$$rtexit$$00000003           0x0800018c   Section        4  rtexit2.o(.ARM.Collect$$rtexit$$00000003)
    .ARM.Collect$$rtexit$$00000004           0x08000190   Section        6  rtexit2.o(.ARM.Collect$$rtexit$$00000004)
    .text                                    0x08000198   Section       64  startup_stm32f103xb.o(.text)
    .text                                    0x080001d8   Section        0  noretval__2printf.o(.text)
    .text                                    0x080001f0   Section        0  puts.o(.text)
    .text                                    0x0800021c   Section        0  heapauxi.o(.text)
    .text                                    0x08000224   Section        0  _printf_char_file.o(.text)
    _printf_input_char                       0x08000249   Thumb Code    10  _printf_char_common.o(.text)
    .text                                    0x08000248   Section        0  _printf_char_common.o(.text)
    .text                                    0x08000278   Section        0  ferror.o(.text)
    .text                                    0x08000280   Section        0  initio.o(.text)
    .text                                    0x080003b8   Section       74  sys_stackheap_outer.o(.text)
    .text                                    0x08000402   Section        0  h1_free.o(.text)
    .text                                    0x08000450   Section        0  __printf_nopercent.o(.text)
    .text                                    0x08000478   Section        0  setvbuf.o(.text)
    _freopen_locked                          0x080004c1   Thumb Code     0  fopen.o(.text)
    .text                                    0x080004c0   Section        0  fopen.o(.text)
    .text                                    0x080005b0   Section        0  fclose.o(.text)
    .text                                    0x080005fc   Section        0  exit.o(.text)
    .text                                    0x0800060e   Section        0  defsig_rtred_outer.o(.text)
    .text                                    0x0800061c   Section       78  rt_memclr_w.o(.text)
    .text                                    0x0800066a   Section        0  sys_io.o(.text)
    .text                                    0x080006d0   Section        8  libspace.o(.text)
    .text                                    0x080006d8   Section        8  rt_heap_descriptor_intlibspace.o(.text)
    .text                                    0x080006e0   Section        0  hguard.o(.text)
    .text                                    0x080006e4   Section        0  init_alloc.o(.text)
    .text                                    0x0800076e   Section        0  h1_alloc.o(.text)
    .text                                    0x080007cc   Section        0  fseek.o(.text)
    .text                                    0x080008c4   Section        0  stdio.o(.text)
    .text                                    0x080009cc   Section        0  defsig_exit.o(.text)
    .text                                    0x080009d8   Section        0  defsig_rtred_inner.o(.text)
    .text                                    0x08000a0c   Section        0  sys_exit.o(.text)
    .text                                    0x08000a18   Section        2  use_no_semi.o(.text)
    .text                                    0x08000a1a   Section        0  indicate_semi.o(.text)
    .text                                    0x08000a1a   Section        0  maybetermalloc1.o(.text)
    .text                                    0x08000a1a   Section        0  h1_init.o(.text)
    .text                                    0x08000a28   Section        0  h1_extend.o(.text)
    .text                                    0x08000a5c   Section        0  ftell.o(.text)
    .text                                    0x08000a9e   Section        0  defsig_general.o(.text)
    .text                                    0x08000ad0   Section        0  defsig_rtmem_outer.o(.text)
    .text                                    0x08000ade   Section        0  strlen.o(.text)
    .text                                    0x08000b1c   Section        0  sys_wrch.o(.text)
    .text                                    0x08000b2c   Section        8  rt_errno_addr_intlibspace.o(.text)
    .text                                    0x08000b34   Section        0  defsig_rtmem_inner.o(.text)
    [Anonymous Symbol]                       0x08000b84   Section        0  stm32f1xx_it.o(.text.BusFault_Handler)
    [Anonymous Symbol]                       0x08000b88   Section        0  can_app.o(.text.CanFilterInit)
    [Anonymous Symbol]                       0x08000c90   Section        0  stm32f1xx_it.o(.text.DebugMon_Handler)
    [Anonymous Symbol]                       0x08000c94   Section        0  main.o(.text.Error_Handler)
    [Anonymous Symbol]                       0x08000ca0   Section        0  stm32f1xx_hal_can.o(.text.HAL_CAN_ActivateNotification)
    [Anonymous Symbol]                       0x08000cd0   Section        0  stm32f1xx_hal_can.o(.text.HAL_CAN_AddTxMessage)
    [Anonymous Symbol]                       0x08000d78   Section        0  stm32f1xx_hal_can.o(.text.HAL_CAN_ConfigFilter)
    [Anonymous Symbol]                       0x08000e64   Section        0  stm32f1xx_hal_can.o(.text.HAL_CAN_ErrorCallback)
    [Anonymous Symbol]                       0x08000e68   Section        0  stm32f1xx_hal_can.o(.text.HAL_CAN_GetRxMessage)
    [Anonymous Symbol]                       0x08000f9c   Section        0  stm32f1xx_hal_can.o(.text.HAL_CAN_IRQHandler)
    [Anonymous Symbol]                       0x080011fc   Section        0  stm32f1xx_hal_can.o(.text.HAL_CAN_Init)
    [Anonymous Symbol]                       0x080012f0   Section        0  can.o(.text.HAL_CAN_MspInit)
    [Anonymous Symbol]                       0x0800137c   Section        0  stm32f1xx_hal_can.o(.text.HAL_CAN_RxFifo0FullCallback)
    [Anonymous Symbol]                       0x08001380   Section        0  can_app.o(.text.HAL_CAN_RxFifo0MsgPendingCallback)
    [Anonymous Symbol]                       0x080013cc   Section        0  stm32f1xx_hal_can.o(.text.HAL_CAN_RxFifo1FullCallback)
    [Anonymous Symbol]                       0x080013d0   Section        0  stm32f1xx_hal_can.o(.text.HAL_CAN_RxFifo1MsgPendingCallback)
    [Anonymous Symbol]                       0x080013d4   Section        0  stm32f1xx_hal_can.o(.text.HAL_CAN_SleepCallback)
    [Anonymous Symbol]                       0x080013d8   Section        0  stm32f1xx_hal_can.o(.text.HAL_CAN_Start)
    [Anonymous Symbol]                       0x08001434   Section        0  stm32f1xx_hal_can.o(.text.HAL_CAN_TxMailbox0AbortCallback)
    [Anonymous Symbol]                       0x08001438   Section        0  stm32f1xx_hal_can.o(.text.HAL_CAN_TxMailbox0CompleteCallback)
    [Anonymous Symbol]                       0x0800143c   Section        0  stm32f1xx_hal_can.o(.text.HAL_CAN_TxMailbox1AbortCallback)
    [Anonymous Symbol]                       0x08001440   Section        0  stm32f1xx_hal_can.o(.text.HAL_CAN_TxMailbox1CompleteCallback)
    [Anonymous Symbol]                       0x08001444   Section        0  stm32f1xx_hal_can.o(.text.HAL_CAN_TxMailbox2AbortCallback)
    [Anonymous Symbol]                       0x08001448   Section        0  stm32f1xx_hal_can.o(.text.HAL_CAN_TxMailbox2CompleteCallback)
    [Anonymous Symbol]                       0x0800144c   Section        0  stm32f1xx_hal_can.o(.text.HAL_CAN_WakeUpFromRxMsgCallback)
    [Anonymous Symbol]                       0x08001450   Section        0  stm32f1xx_hal.o(.text.HAL_Delay)
    [Anonymous Symbol]                       0x08001478   Section        0  stm32f1xx_hal_gpio.o(.text.HAL_GPIO_Init)
    [Anonymous Symbol]                       0x08001694   Section        0  stm32f1xx_hal.o(.text.HAL_GetTick)
    [Anonymous Symbol]                       0x080016a0   Section        0  stm32f1xx_hal.o(.text.HAL_IncTick)
    [Anonymous Symbol]                       0x080016bc   Section        0  stm32f1xx_hal.o(.text.HAL_Init)
    [Anonymous Symbol]                       0x080016e4   Section        0  stm32f1xx_hal.o(.text.HAL_InitTick)
    [Anonymous Symbol]                       0x0800172c   Section        0  stm32f1xx_hal_msp.o(.text.HAL_MspInit)
    [Anonymous Symbol]                       0x08001770   Section        0  stm32f1xx_hal_cortex.o(.text.HAL_NVIC_EnableIRQ)
    [Anonymous Symbol]                       0x08001798   Section        0  stm32f1xx_hal_cortex.o(.text.HAL_NVIC_SetPriority)
    [Anonymous Symbol]                       0x080017f0   Section        0  stm32f1xx_hal_cortex.o(.text.HAL_NVIC_SetPriorityGrouping)
    [Anonymous Symbol]                       0x08001810   Section        0  stm32f1xx_hal_rcc.o(.text.HAL_RCC_ClockConfig)
    [Anonymous Symbol]                       0x080019d0   Section        0  stm32f1xx_hal_rcc.o(.text.HAL_RCC_GetPCLK1Freq)
    [Anonymous Symbol]                       0x080019f8   Section        0  stm32f1xx_hal_rcc.o(.text.HAL_RCC_GetPCLK2Freq)
    [Anonymous Symbol]                       0x08001a20   Section        0  stm32f1xx_hal_rcc.o(.text.HAL_RCC_OscConfig)
    [Anonymous Symbol]                       0x08001dd4   Section        0  stm32f1xx_hal_cortex.o(.text.HAL_SYSTICK_Config)
    [Anonymous Symbol]                       0x08001e00   Section        0  stm32f1xx_hal_uart.o(.text.HAL_UART_Init)
    [Anonymous Symbol]                       0x08001ee4   Section        0  usart.o(.text.HAL_UART_MspInit)
    [Anonymous Symbol]                       0x08001f5c   Section        0  stm32f1xx_hal_uart.o(.text.HAL_UART_Transmit)
    [Anonymous Symbol]                       0x080021d4   Section        0  stm32f1xx_it.o(.text.HardFault_Handler)
    [Anonymous Symbol]                       0x080021d8   Section        0  can.o(.text.MX_CAN_Init)
    [Anonymous Symbol]                       0x08002218   Section        0  gpio.o(.text.MX_GPIO_Init)
    [Anonymous Symbol]                       0x0800224c   Section        0  usart.o(.text.MX_USART2_UART_Init)
    [Anonymous Symbol]                       0x08002288   Section        0  stm32f1xx_it.o(.text.MemManage_Handler)
    [Anonymous Symbol]                       0x0800228c   Section        0  stm32f1xx_it.o(.text.NMI_Handler)
    [Anonymous Symbol]                       0x08002290   Section        0  stm32f1xx_it.o(.text.PendSV_Handler)
    [Anonymous Symbol]                       0x08002294   Section        0  stm32f1xx_it.o(.text.SVC_Handler)
    [Anonymous Symbol]                       0x08002298   Section        0  stm32f1xx_it.o(.text.SysTick_Handler)
    [Anonymous Symbol]                       0x0800229c   Section        0  system_stm32f1xx.o(.text.SystemInit)
    [Anonymous Symbol]                       0x080022a0   Section        0  stm32f1xx_it.o(.text.USB_LP_CAN1_RX0_IRQHandler)
    [Anonymous Symbol]                       0x080022ac   Section        0  stm32f1xx_it.o(.text.UsageFault_Handler)
    [Anonymous Symbol]                       0x080022b0   Section        0  can_app.o(.text.canDataPack)
    [Anonymous Symbol]                       0x08002498   Section        0  can_app.o(.text.carDataUpdate)
    [Anonymous Symbol]                       0x08002660   Section        0  usart.o(.text.fputc)
    [Anonymous Symbol]                       0x08002680   Section        0  main.o(.text.main)
    x$fpl$dadd                               0x08002730   Section      336  daddsub_clz.o(x$fpl$dadd)
    _dadd1                                   0x08002741   Thumb Code     0  daddsub_clz.o(x$fpl$dadd)
    x$fpl$ddiv                               0x08002880   Section      692  ddiv.o(x$fpl$ddiv)
    ddiv_entry                               0x08002887   Thumb Code     0  ddiv.o(x$fpl$ddiv)
    x$fpl$dfix                               0x08002b34   Section       94  dfix.o(x$fpl$dfix)
    x$fpl$dfltu                              0x08002b92   Section       38  dflt_clz.o(x$fpl$dfltu)
    x$fpl$dmul                               0x08002bb8   Section      340  dmul.o(x$fpl$dmul)
    x$fpl$dnaninf                            0x08002d0c   Section      156  dnaninf.o(x$fpl$dnaninf)
    x$fpl$dretinf                            0x08002da8   Section       12  dretinf.o(x$fpl$dretinf)
    x$fpl$dsub                               0x08002db4   Section      476  daddsub_clz.o(x$fpl$dsub)
    _dsub1                                   0x08002dc5   Thumb Code     0  daddsub_clz.o(x$fpl$dsub)
    .constdata                               0x08002f90   Section        4  sys_io_names.o(.constdata)
    x$fpl$usenofp                            0x08002f90   Section        0  usenofp.o(x$fpl$usenofp)
    .constdata                               0x08002f94   Section        4  sys_io_names.o(.constdata)
    .constdata                               0x08002f98   Section        4  sys_io_names.o(.constdata)
    HAL_RCC_GetSysClockFreq.aPredivFactorTable 0x08002fb4   Data           2  stm32f1xx_hal_rcc.o(.rodata.HAL_RCC_GetSysClockFreq.aPredivFactorTable)
    [Anonymous Symbol]                       0x08002fb4   Section        0  stm32f1xx_hal_rcc.o(.rodata.HAL_RCC_GetSysClockFreq.aPredivFactorTable)
    HAL_RCC_GetSysClockFreq.aPLLMULFactorTable 0x08002fb6   Data          16  stm32f1xx_hal_rcc.o(.rodata.cst16)
    [Anonymous Symbol]                       0x08002fb6   Section        0  stm32f1xx_hal_rcc.o(.rodata.cst16)
    .Lstr.9                                  0x08002fc6   Data          25  can_app.o(.rodata.str1.1)
    [Anonymous Symbol]                       0x08002fc6   Section        0  can_app.o(.rodata.str1.1)
    .Lstr.11                                 0x08002fdf   Data          26  can_app.o(.rodata.str1.1)
    .Lstr                                    0x08002ff9   Data          28  can_app.o(.rodata.str1.1)
    .Lstr.10                                 0x08003015   Data          29  can_app.o(.rodata.str1.1)
    .Lstr.14                                 0x08003032   Data          44  can_app.o(.rodata.str1.1)
    .data                                    0x20000000   Section        4  stdio_streams.o(.data)
    .data                                    0x20000004   Section        4  stdio_streams.o(.data)
    .data                                    0x20000008   Section        4  stdio_streams.o(.data)
    .L_MergedGlobals                         0x2000000c   Data           8  stm32f1xx_hal.o(.data..L_MergedGlobals)
    [Anonymous Symbol]                       0x2000000c   Section        0  stm32f1xx_hal.o(.data..L_MergedGlobals)
    .L_MergedGlobals                         0x20000014   Data           3  can_app.o(.data..L_MergedGlobals)
    [Anonymous Symbol]                       0x20000014   Section        0  can_app.o(.data..L_MergedGlobals)
    .bss                                     0x20000020   Section       84  stdio_streams.o(.bss)
    .bss                                     0x20000074   Section       84  stdio_streams.o(.bss)
    .bss                                     0x200000c8   Section       84  stdio_streams.o(.bss)
    .bss                                     0x2000011c   Section       96  libspace.o(.bss)
    .L_MergedGlobals.17                      0x2000017c   Data          94  can_app.o(.bss..L_MergedGlobals.17)
    [Anonymous Symbol]                       0x2000017c   Section        0  can_app.o(.bss..L_MergedGlobals.17)
    TxMessage                                0x20000184   Data          24  can_app.o(.bss..L_MergedGlobals.17)
    RxMessage                                0x2000019c   Data          28  can_app.o(.bss..L_MergedGlobals.17)
    Heap_Mem                                 0x20000250   Data         512  startup_stm32f103xb.o(HEAP)
    HEAP                                     0x20000250   Section      512  startup_stm32f103xb.o(HEAP)
    Stack_Mem                                0x20000450   Data        1024  startup_stm32f103xb.o(STACK)
    STACK                                    0x20000450   Section     1024  startup_stm32f103xb.o(STACK)
    __initial_sp                             0x20000850   Data           0  startup_stm32f103xb.o(STACK)

    Global Symbols

    Symbol Name                              Value     Ov Type        Size  Object(Section)

    BuildAttributes$$THM_ISAv4$P$D$K$B$S$PE$A:L22UL41UL21$X:L11$S22US41US21$IEEE1$IW$~IW$USESV6$~STKCKD$USESV7$~SHL$OTIME$ROPI$EBA8$UX$STANDARDLIB$REQ8$PRES8$EABIv2 0x00000000   Number         0  anon$$obj.o ABSOLUTE
    __fp_init_empty                          0x00000000   Number         0  fpinit_empty.o ABSOLUTE
    __ARM_exceptions_init                     - Undefined Weak Reference
    __alloca_initialize                       - Undefined Weak Reference
    __arm_preinit_                            - Undefined Weak Reference
    __arm_relocate_pie_                       - Undefined Weak Reference
    __cpp_initialize__aeabi_                  - Undefined Weak Reference
    __cxa_finalize                            - Undefined Weak Reference
    __rt_locale                               - Undefined Weak Reference
    __sigvec_lookup                           - Undefined Weak Reference
    __user_heap_extent                        - Undefined Weak Reference
    _atexit_init                              - Undefined Weak Reference
    _call_atexit_fns                          - Undefined Weak Reference
    _clock_init                               - Undefined Weak Reference
    _fp_trap_init                             - Undefined Weak Reference
    _fp_trap_shutdown                         - Undefined Weak Reference
    _get_lc_collate                           - Undefined Weak Reference
    _get_lc_ctype                             - Undefined Weak Reference
    _get_lc_monetary                          - Undefined Weak Reference
    _get_lc_numeric                           - Undefined Weak Reference
    _get_lc_time                              - Undefined Weak Reference
    _getenv_init                              - Undefined Weak Reference
    _handle_redirection                       - Undefined Weak Reference
    _mutex_acquire                            - Undefined Weak Reference
    _mutex_free                               - Undefined Weak Reference
    _mutex_release                            - Undefined Weak Reference
    _rand_init                                - Undefined Weak Reference
    _signal_finish                            - Undefined Weak Reference
    _signal_init                              - Undefined Weak Reference
    __Vectors_Size                           0x000000ec   Number         0  startup_stm32f103xb.o ABSOLUTE
    __Vectors                                0x08000000   Data           4  startup_stm32f103xb.o(RESET)
    __Vectors_End                            0x080000ec   Data           0  startup_stm32f103xb.o(RESET)
    __main                                   0x080000ed   Thumb Code     8  __main.o(!!!main)
    __scatterload                            0x080000f5   Thumb Code     0  __scatter.o(!!!scatter)
    __scatterload_rt2                        0x080000f5   Thumb Code    44  __scatter.o(!!!scatter)
    __scatterload_rt2_thumb_only             0x080000f5   Thumb Code     0  __scatter.o(!!!scatter)
    __scatterload_null                       0x08000103   Thumb Code     0  __scatter.o(!!!scatter)
    __scatterload_copy                       0x08000129   Thumb Code    26  __scatter_copy.o(!!handler_copy)
    __scatterload_zeroinit                   0x08000145   Thumb Code    28  __scatter_zi.o(!!handler_zi)
    __rt_lib_init                            0x08000161   Thumb Code     0  libinit.o(.ARM.Collect$$libinit$$00000000)
    __rt_lib_init_fp_1                       0x08000163   Thumb Code     0  libinit2.o(.ARM.Collect$$libinit$$00000002)
    __rt_lib_init_heap_2                     0x08000163   Thumb Code     0  libinit2.o(.ARM.Collect$$libinit$$00000007)
    __rt_lib_init_preinit_1                  0x08000163   Thumb Code     0  libinit2.o(.ARM.Collect$$libinit$$00000006)
    __rt_lib_init_relocate_pie_1             0x08000163   Thumb Code     0  libinit2.o(.ARM.Collect$$libinit$$00000004)
    __rt_lib_init_atexit_1                   0x0800016b   Thumb Code     0  libinit2.o(.ARM.Collect$$libinit$$0000001D)
    __rt_lib_init_clock_1                    0x0800016b   Thumb Code     0  libinit2.o(.ARM.Collect$$libinit$$00000023)
    __rt_lib_init_fp_trap_1                  0x0800016b   Thumb Code     0  libinit2.o(.ARM.Collect$$libinit$$00000021)
    __rt_lib_init_getenv_1                   0x0800016b   Thumb Code     0  libinit2.o(.ARM.Collect$$libinit$$00000025)
    __rt_lib_init_heap_1                     0x0800016b   Thumb Code     0  libinit2.o(.ARM.Collect$$libinit$$0000000C)
    __rt_lib_init_lc_collate_1               0x0800016b   Thumb Code     0  libinit2.o(.ARM.Collect$$libinit$$00000013)
    __rt_lib_init_lc_ctype_1                 0x0800016b   Thumb Code     0  libinit2.o(.ARM.Collect$$libinit$$00000015)
    __rt_lib_init_lc_monetary_1              0x0800016b   Thumb Code     0  libinit2.o(.ARM.Collect$$libinit$$00000017)
    __rt_lib_init_lc_numeric_1               0x0800016b   Thumb Code     0  libinit2.o(.ARM.Collect$$libinit$$00000019)
    __rt_lib_init_lc_time_1                  0x0800016b   Thumb Code     0  libinit2.o(.ARM.Collect$$libinit$$0000001B)
    __rt_lib_init_rand_1                     0x0800016b   Thumb Code     0  libinit2.o(.ARM.Collect$$libinit$$00000010)
    __rt_lib_init_signal_1                   0x0800016b   Thumb Code     0  libinit2.o(.ARM.Collect$$libinit$$0000001F)
    __rt_lib_init_stdio_2                    0x0800016b   Thumb Code     0  libinit2.o(.ARM.Collect$$libinit$$00000026)
    __rt_lib_init_user_alloc_1               0x0800016b   Thumb Code     0  libinit2.o(.ARM.Collect$$libinit$$0000000E)
    __rt_lib_init_alloca_1                   0x0800016f   Thumb Code     0  libinit2.o(.ARM.Collect$$libinit$$00000030)
    __rt_lib_init_argv_1                     0x0800016f   Thumb Code     0  libinit2.o(.ARM.Collect$$libinit$$0000002E)
    __rt_lib_init_cpp_1                      0x0800016f   Thumb Code     0  libinit2.o(.ARM.Collect$$libinit$$00000034)
    __rt_lib_init_exceptions_1               0x0800016f   Thumb Code     0  libinit2.o(.ARM.Collect$$libinit$$00000032)
    __rt_lib_init_return                     0x0800016f   Thumb Code     0  libinit2.o(.ARM.Collect$$libinit$$00000035)
    __rt_lib_init_stdio_1                    0x0800016f   Thumb Code     0  libinit2.o(.ARM.Collect$$libinit$$00000027)
    __rt_lib_shutdown                        0x08000171   Thumb Code     0  libshutdown.o(.ARM.Collect$$libshutdown$$00000000)
    __rt_lib_shutdown_cpp_1                  0x08000173   Thumb Code     0  libshutdown2.o(.ARM.Collect$$libshutdown$$00000002)
    __rt_lib_shutdown_stdio_2                0x08000173   Thumb Code     0  libshutdown2.o(.ARM.Collect$$libshutdown$$00000003)
    __rt_lib_shutdown_fp_trap_1              0x08000177   Thumb Code     0  libshutdown2.o(.ARM.Collect$$libshutdown$$00000007)
    __rt_lib_shutdown_heap_1                 0x08000177   Thumb Code     0  libshutdown2.o(.ARM.Collect$$libshutdown$$0000000F)
    __rt_lib_shutdown_return                 0x08000177   Thumb Code     0  libshutdown2.o(.ARM.Collect$$libshutdown$$00000010)
    __rt_lib_shutdown_signal_1               0x08000177   Thumb Code     0  libshutdown2.o(.ARM.Collect$$libshutdown$$0000000A)
    __rt_lib_shutdown_stdio_1                0x08000177   Thumb Code     0  libshutdown2.o(.ARM.Collect$$libshutdown$$00000004)
    __rt_lib_shutdown_user_alloc_1           0x08000177   Thumb Code     0  libshutdown2.o(.ARM.Collect$$libshutdown$$0000000C)
    __rt_entry                               0x08000179   Thumb Code     0  __rtentry.o(.ARM.Collect$$rtentry$$00000000)
    __rt_entry_presh_1                       0x08000179   Thumb Code     0  __rtentry2.o(.ARM.Collect$$rtentry$$00000002)
    __rt_entry_sh                            0x08000179   Thumb Code     0  __rtentry4.o(.ARM.Collect$$rtentry$$00000004)
    __rt_entry_li                            0x0800017f   Thumb Code     0  __rtentry2.o(.ARM.Collect$$rtentry$$0000000A)
    __rt_entry_postsh_1                      0x0800017f   Thumb Code     0  __rtentry2.o(.ARM.Collect$$rtentry$$00000009)
    __rt_entry_main                          0x08000183   Thumb Code     0  __rtentry2.o(.ARM.Collect$$rtentry$$0000000D)
    __rt_entry_postli_1                      0x08000183   Thumb Code     0  __rtentry2.o(.ARM.Collect$$rtentry$$0000000C)
    __rt_exit                                0x0800018b   Thumb Code     0  rtexit.o(.ARM.Collect$$rtexit$$00000000)
    __rt_exit_ls                             0x0800018d   Thumb Code     0  rtexit2.o(.ARM.Collect$$rtexit$$00000003)
    __rt_exit_prels_1                        0x0800018d   Thumb Code     0  rtexit2.o(.ARM.Collect$$rtexit$$00000002)
    __rt_exit_exit                           0x08000191   Thumb Code     0  rtexit2.o(.ARM.Collect$$rtexit$$00000004)
    Reset_Handler                            0x08000199   Thumb Code     8  startup_stm32f103xb.o(.text)
    ADC1_2_IRQHandler                        0x080001b3   Thumb Code     0  startup_stm32f103xb.o(.text)
    CAN1_RX1_IRQHandler                      0x080001b3   Thumb Code     0  startup_stm32f103xb.o(.text)
    CAN1_SCE_IRQHandler                      0x080001b3   Thumb Code     0  startup_stm32f103xb.o(.text)
    DMA1_Channel1_IRQHandler                 0x080001b3   Thumb Code     0  startup_stm32f103xb.o(.text)
    DMA1_Channel2_IRQHandler                 0x080001b3   Thumb Code     0  startup_stm32f103xb.o(.text)
    DMA1_Channel3_IRQHandler                 0x080001b3   Thumb Code     0  startup_stm32f103xb.o(.text)
    DMA1_Channel4_IRQHandler                 0x080001b3   Thumb Code     0  startup_stm32f103xb.o(.text)
    DMA1_Channel5_IRQHandler                 0x080001b3   Thumb Code     0  startup_stm32f103xb.o(.text)
    DMA1_Channel6_IRQHandler                 0x080001b3   Thumb Code     0  startup_stm32f103xb.o(.text)
    DMA1_Channel7_IRQHandler                 0x080001b3   Thumb Code     0  startup_stm32f103xb.o(.text)
    EXTI0_IRQHandler                         0x080001b3   Thumb Code     0  startup_stm32f103xb.o(.text)
    EXTI15_10_IRQHandler                     0x080001b3   Thumb Code     0  startup_stm32f103xb.o(.text)
    EXTI1_IRQHandler                         0x080001b3   Thumb Code     0  startup_stm32f103xb.o(.text)
    EXTI2_IRQHandler                         0x080001b3   Thumb Code     0  startup_stm32f103xb.o(.text)
    EXTI3_IRQHandler                         0x080001b3   Thumb Code     0  startup_stm32f103xb.o(.text)
    EXTI4_IRQHandler                         0x080001b3   Thumb Code     0  startup_stm32f103xb.o(.text)
    EXTI9_5_IRQHandler                       0x080001b3   Thumb Code     0  startup_stm32f103xb.o(.text)
    FLASH_IRQHandler                         0x080001b3   Thumb Code     0  startup_stm32f103xb.o(.text)
    I2C1_ER_IRQHandler                       0x080001b3   Thumb Code     0  startup_stm32f103xb.o(.text)
    I2C1_EV_IRQHandler                       0x080001b3   Thumb Code     0  startup_stm32f103xb.o(.text)
    I2C2_ER_IRQHandler                       0x080001b3   Thumb Code     0  startup_stm32f103xb.o(.text)
    I2C2_EV_IRQHandler                       0x080001b3   Thumb Code     0  startup_stm32f103xb.o(.text)
    PVD_IRQHandler                           0x080001b3   Thumb Code     0  startup_stm32f103xb.o(.text)
    RCC_IRQHandler                           0x080001b3   Thumb Code     0  startup_stm32f103xb.o(.text)
    RTC_Alarm_IRQHandler                     0x080001b3   Thumb Code     0  startup_stm32f103xb.o(.text)
    RTC_IRQHandler                           0x080001b3   Thumb Code     0  startup_stm32f103xb.o(.text)
    SPI1_IRQHandler                          0x080001b3   Thumb Code     0  startup_stm32f103xb.o(.text)
    SPI2_IRQHandler                          0x080001b3   Thumb Code     0  startup_stm32f103xb.o(.text)
    TAMPER_IRQHandler                        0x080001b3   Thumb Code     0  startup_stm32f103xb.o(.text)
    TIM1_BRK_IRQHandler                      0x080001b3   Thumb Code     0  startup_stm32f103xb.o(.text)
    TIM1_CC_IRQHandler                       0x080001b3   Thumb Code     0  startup_stm32f103xb.o(.text)
    TIM1_TRG_COM_IRQHandler                  0x080001b3   Thumb Code     0  startup_stm32f103xb.o(.text)
    TIM1_UP_IRQHandler                       0x080001b3   Thumb Code     0  startup_stm32f103xb.o(.text)
    TIM2_IRQHandler                          0x080001b3   Thumb Code     0  startup_stm32f103xb.o(.text)
    TIM3_IRQHandler                          0x080001b3   Thumb Code     0  startup_stm32f103xb.o(.text)
    TIM4_IRQHandler                          0x080001b3   Thumb Code     0  startup_stm32f103xb.o(.text)
    USART1_IRQHandler                        0x080001b3   Thumb Code     0  startup_stm32f103xb.o(.text)
    USART2_IRQHandler                        0x080001b3   Thumb Code     0  startup_stm32f103xb.o(.text)
    USART3_IRQHandler                        0x080001b3   Thumb Code     0  startup_stm32f103xb.o(.text)
    USBWakeUp_IRQHandler                     0x080001b3   Thumb Code     0  startup_stm32f103xb.o(.text)
    USB_HP_CAN1_TX_IRQHandler                0x080001b3   Thumb Code     0  startup_stm32f103xb.o(.text)
    WWDG_IRQHandler                          0x080001b3   Thumb Code     0  startup_stm32f103xb.o(.text)
    __user_initial_stackheap                 0x080001b5   Thumb Code     0  startup_stm32f103xb.o(.text)
    __2printf                                0x080001d9   Thumb Code    20  noretval__2printf.o(.text)
    puts                                     0x080001f1   Thumb Code    40  puts.o(.text)
    __use_two_region_memory                  0x0800021d   Thumb Code     2  heapauxi.o(.text)
    __rt_heap_escrow                         0x0800021f   Thumb Code     2  heapauxi.o(.text)
    __rt_heap_expand                         0x08000221   Thumb Code     2  heapauxi.o(.text)
    _printf_char_file                        0x08000225   Thumb Code    32  _printf_char_file.o(.text)
    _printf_char_common                      0x08000253   Thumb Code    32  _printf_char_common.o(.text)
    ferror                                   0x08000279   Thumb Code     8  ferror.o(.text)
    _initio                                  0x08000281   Thumb Code   210  initio.o(.text)
    _terminateio                             0x08000353   Thumb Code    56  initio.o(.text)
    __user_setup_stackheap                   0x080003b9   Thumb Code    74  sys_stackheap_outer.o(.text)
    free                                     0x08000403   Thumb Code    78  h1_free.o(.text)
    __printf                                 0x08000451   Thumb Code    40  __printf_nopercent.o(.text)
    setvbuf                                  0x08000479   Thumb Code    70  setvbuf.o(.text)
    freopen                                  0x080004c1   Thumb Code   160  fopen.o(.text)
    fopen                                    0x08000561   Thumb Code    74  fopen.o(.text)
    _fclose_internal                         0x080005b1   Thumb Code    76  fclose.o(.text)
    fclose                                   0x080005b1   Thumb Code     0  fclose.o(.text)
    exit                                     0x080005fd   Thumb Code    18  exit.o(.text)
    __rt_SIGRTRED                            0x0800060f   Thumb Code    14  defsig_rtred_outer.o(.text)
    __aeabi_memclr4                          0x0800061d   Thumb Code     0  rt_memclr_w.o(.text)
    __aeabi_memclr8                          0x0800061d   Thumb Code     0  rt_memclr_w.o(.text)
    __rt_memclr_w                            0x0800061d   Thumb Code     0  rt_memclr_w.o(.text)
    _memset_w                                0x08000621   Thumb Code    74  rt_memclr_w.o(.text)
    _sys_open                                0x0800066b   Thumb Code    20  sys_io.o(.text)
    _sys_close                               0x0800067f   Thumb Code    12  sys_io.o(.text)
    _sys_write                               0x0800068b   Thumb Code    16  sys_io.o(.text)
    _sys_read                                0x0800069b   Thumb Code    14  sys_io.o(.text)
    _sys_istty                               0x080006a9   Thumb Code    12  sys_io.o(.text)
    _sys_seek                                0x080006b5   Thumb Code    14  sys_io.o(.text)
    _sys_ensure                              0x080006c3   Thumb Code     2  sys_io.o(.text)
    _sys_flen                                0x080006c5   Thumb Code    12  sys_io.o(.text)
    __user_libspace                          0x080006d1   Thumb Code     8  libspace.o(.text)
    __user_perproc_libspace                  0x080006d1   Thumb Code     0  libspace.o(.text)
    __user_perthread_libspace                0x080006d1   Thumb Code     0  libspace.o(.text)
    __rt_heap_descriptor                     0x080006d9   Thumb Code     8  rt_heap_descriptor_intlibspace.o(.text)
    __use_no_heap                            0x080006e1   Thumb Code     2  hguard.o(.text)
    __heap$guard                             0x080006e3   Thumb Code     2  hguard.o(.text)
    _terminate_user_alloc                    0x080006e5   Thumb Code     2  init_alloc.o(.text)
    _init_user_alloc                         0x080006e7   Thumb Code     2  init_alloc.o(.text)
    __Heap_Full                              0x080006e9   Thumb Code    34  init_alloc.o(.text)
    __Heap_Broken                            0x0800070b   Thumb Code     6  init_alloc.o(.text)
    _init_alloc                              0x08000711   Thumb Code    94  init_alloc.o(.text)
    malloc                                   0x0800076f   Thumb Code    94  h1_alloc.o(.text)
    _fseek                                   0x080007cd   Thumb Code   242  fseek.o(.text)
    fseek                                    0x080007cd   Thumb Code     0  fseek.o(.text)
    _seterr                                  0x080008c5   Thumb Code    20  stdio.o(.text)
    _writebuf                                0x080008d9   Thumb Code   108  stdio.o(.text)
    _fflush                                  0x08000945   Thumb Code    70  stdio.o(.text)
    _deferredlazyseek                        0x0800098b   Thumb Code    60  stdio.o(.text)
    __sig_exit                               0x080009cd   Thumb Code    10  defsig_exit.o(.text)
    __rt_SIGRTRED_inner                      0x080009d9   Thumb Code    14  defsig_rtred_inner.o(.text)
    _sys_exit                                0x08000a0d   Thumb Code     8  sys_exit.o(.text)
    __I$use$semihosting                      0x08000a19   Thumb Code     0  use_no_semi.o(.text)
    __use_no_semihosting_swi                 0x08000a19   Thumb Code     2  use_no_semi.o(.text)
    __Heap_Initialize                        0x08000a1b   Thumb Code    10  h1_init.o(.text)
    __semihosting_library_function           0x08000a1b   Thumb Code     0  indicate_semi.o(.text)
    _maybe_terminate_alloc                   0x08000a1b   Thumb Code     0  maybetermalloc1.o(.text)
    __Heap_DescSize                          0x08000a25   Thumb Code     4  h1_init.o(.text)
    __Heap_ProvideMemory                     0x08000a29   Thumb Code    52  h1_extend.o(.text)
    _ftell_internal                          0x08000a5d   Thumb Code    66  ftell.o(.text)
    ftell                                    0x08000a5d   Thumb Code     0  ftell.o(.text)
    __default_signal_display                 0x08000a9f   Thumb Code    50  defsig_general.o(.text)
    __rt_SIGRTMEM                            0x08000ad1   Thumb Code    14  defsig_rtmem_outer.o(.text)
    strlen                                   0x08000adf   Thumb Code    62  strlen.o(.text)
    _ttywrch                                 0x08000b1d   Thumb Code    14  sys_wrch.o(.text)
    __aeabi_errno_addr                       0x08000b2d   Thumb Code     8  rt_errno_addr_intlibspace.o(.text)
    __errno$intlibspace                      0x08000b2d   Thumb Code     0  rt_errno_addr_intlibspace.o(.text)
    __rt_errno_addr$intlibspace              0x08000b2d   Thumb Code     0  rt_errno_addr_intlibspace.o(.text)
    __rt_SIGRTMEM_inner                      0x08000b35   Thumb Code    22  defsig_rtmem_inner.o(.text)
    BusFault_Handler                         0x08000b85   Thumb Code     2  stm32f1xx_it.o(.text.BusFault_Handler)
    CanFilterInit                            0x08000b89   Thumb Code   152  can_app.o(.text.CanFilterInit)
    DebugMon_Handler                         0x08000c91   Thumb Code     2  stm32f1xx_it.o(.text.DebugMon_Handler)
    Error_Handler                            0x08000c95   Thumb Code    10  main.o(.text.Error_Handler)
    HAL_CAN_ActivateNotification             0x08000ca1   Thumb Code    46  stm32f1xx_hal_can.o(.text.HAL_CAN_ActivateNotification)
    HAL_CAN_AddTxMessage                     0x08000cd1   Thumb Code   168  stm32f1xx_hal_can.o(.text.HAL_CAN_AddTxMessage)
    HAL_CAN_ConfigFilter                     0x08000d79   Thumb Code   234  stm32f1xx_hal_can.o(.text.HAL_CAN_ConfigFilter)
    HAL_CAN_ErrorCallback                    0x08000e65   Thumb Code     2  stm32f1xx_hal_can.o(.text.HAL_CAN_ErrorCallback)
    HAL_CAN_GetRxMessage                     0x08000e69   Thumb Code   308  stm32f1xx_hal_can.o(.text.HAL_CAN_GetRxMessage)
    HAL_CAN_IRQHandler                       0x08000f9d   Thumb Code   606  stm32f1xx_hal_can.o(.text.HAL_CAN_IRQHandler)
    HAL_CAN_Init                             0x080011fd   Thumb Code   244  stm32f1xx_hal_can.o(.text.HAL_CAN_Init)
    HAL_CAN_MspInit                          0x080012f1   Thumb Code   138  can.o(.text.HAL_CAN_MspInit)
    HAL_CAN_RxFifo0FullCallback              0x0800137d   Thumb Code     2  stm32f1xx_hal_can.o(.text.HAL_CAN_RxFifo0FullCallback)
    HAL_CAN_RxFifo0MsgPendingCallback        0x08001381   Thumb Code    76  can_app.o(.text.HAL_CAN_RxFifo0MsgPendingCallback)
    HAL_CAN_RxFifo1FullCallback              0x080013cd   Thumb Code     2  stm32f1xx_hal_can.o(.text.HAL_CAN_RxFifo1FullCallback)
    HAL_CAN_RxFifo1MsgPendingCallback        0x080013d1   Thumb Code     2  stm32f1xx_hal_can.o(.text.HAL_CAN_RxFifo1MsgPendingCallback)
    HAL_CAN_SleepCallback                    0x080013d5   Thumb Code     2  stm32f1xx_hal_can.o(.text.HAL_CAN_SleepCallback)
    HAL_CAN_Start                            0x080013d9   Thumb Code    90  stm32f1xx_hal_can.o(.text.HAL_CAN_Start)
    HAL_CAN_TxMailbox0AbortCallback          0x08001435   Thumb Code     2  stm32f1xx_hal_can.o(.text.HAL_CAN_TxMailbox0AbortCallback)
    HAL_CAN_TxMailbox0CompleteCallback       0x08001439   Thumb Code     2  stm32f1xx_hal_can.o(.text.HAL_CAN_TxMailbox0CompleteCallback)
    HAL_CAN_TxMailbox1AbortCallback          0x0800143d   Thumb Code     2  stm32f1xx_hal_can.o(.text.HAL_CAN_TxMailbox1AbortCallback)
    HAL_CAN_TxMailbox1CompleteCallback       0x08001441   Thumb Code     2  stm32f1xx_hal_can.o(.text.HAL_CAN_TxMailbox1CompleteCallback)
    HAL_CAN_TxMailbox2AbortCallback          0x08001445   Thumb Code     2  stm32f1xx_hal_can.o(.text.HAL_CAN_TxMailbox2AbortCallback)
    HAL_CAN_TxMailbox2CompleteCallback       0x08001449   Thumb Code     2  stm32f1xx_hal_can.o(.text.HAL_CAN_TxMailbox2CompleteCallback)
    HAL_CAN_WakeUpFromRxMsgCallback          0x0800144d   Thumb Code     2  stm32f1xx_hal_can.o(.text.HAL_CAN_WakeUpFromRxMsgCallback)
    HAL_Delay                                0x08001451   Thumb Code    40  stm32f1xx_hal.o(.text.HAL_Delay)
    HAL_GPIO_Init                            0x08001479   Thumb Code   538  stm32f1xx_hal_gpio.o(.text.HAL_GPIO_Init)
    HAL_GetTick                              0x08001695   Thumb Code    12  stm32f1xx_hal.o(.text.HAL_GetTick)
    HAL_IncTick                              0x080016a1   Thumb Code    26  stm32f1xx_hal.o(.text.HAL_IncTick)
    HAL_Init                                 0x080016bd   Thumb Code    38  stm32f1xx_hal.o(.text.HAL_Init)
    HAL_InitTick                             0x080016e5   Thumb Code    72  stm32f1xx_hal.o(.text.HAL_InitTick)
    HAL_MspInit                              0x0800172d   Thumb Code    66  stm32f1xx_hal_msp.o(.text.HAL_MspInit)
    HAL_NVIC_EnableIRQ                       0x08001771   Thumb Code    38  stm32f1xx_hal_cortex.o(.text.HAL_NVIC_EnableIRQ)
    HAL_NVIC_SetPriority                     0x08001799   Thumb Code    86  stm32f1xx_hal_cortex.o(.text.HAL_NVIC_SetPriority)
    HAL_NVIC_SetPriorityGrouping             0x080017f1   Thumb Code    32  stm32f1xx_hal_cortex.o(.text.HAL_NVIC_SetPriorityGrouping)
    HAL_RCC_ClockConfig                      0x08001811   Thumb Code   446  stm32f1xx_hal_rcc.o(.text.HAL_RCC_ClockConfig)
    HAL_RCC_GetPCLK1Freq                     0x080019d1   Thumb Code    38  stm32f1xx_hal_rcc.o(.text.HAL_RCC_GetPCLK1Freq)
    HAL_RCC_GetPCLK2Freq                     0x080019f9   Thumb Code    38  stm32f1xx_hal_rcc.o(.text.HAL_RCC_GetPCLK2Freq)
    HAL_RCC_OscConfig                        0x08001a21   Thumb Code   948  stm32f1xx_hal_rcc.o(.text.HAL_RCC_OscConfig)
    HAL_SYSTICK_Config                       0x08001dd5   Thumb Code    44  stm32f1xx_hal_cortex.o(.text.HAL_SYSTICK_Config)
    HAL_UART_Init                            0x08001e01   Thumb Code   226  stm32f1xx_hal_uart.o(.text.HAL_UART_Init)
    HAL_UART_MspInit                         0x08001ee5   Thumb Code   118  usart.o(.text.HAL_UART_MspInit)
    HAL_UART_Transmit                        0x08001f5d   Thumb Code   632  stm32f1xx_hal_uart.o(.text.HAL_UART_Transmit)
    HardFault_Handler                        0x080021d5   Thumb Code     2  stm32f1xx_it.o(.text.HardFault_Handler)
    MX_CAN_Init                              0x080021d9   Thumb Code    64  can.o(.text.MX_CAN_Init)
    MX_GPIO_Init                             0x08002219   Thumb Code    50  gpio.o(.text.MX_GPIO_Init)
    MX_USART2_UART_Init                      0x0800224d   Thumb Code    60  usart.o(.text.MX_USART2_UART_Init)
    MemManage_Handler                        0x08002289   Thumb Code     2  stm32f1xx_it.o(.text.MemManage_Handler)
    NMI_Handler                              0x0800228d   Thumb Code     2  stm32f1xx_it.o(.text.NMI_Handler)
    PendSV_Handler                           0x08002291   Thumb Code     2  stm32f1xx_it.o(.text.PendSV_Handler)
    SVC_Handler                              0x08002295   Thumb Code     2  stm32f1xx_it.o(.text.SVC_Handler)
    SysTick_Handler                          0x08002299   Thumb Code     4  stm32f1xx_it.o(.text.SysTick_Handler)
    SystemInit                               0x0800229d   Thumb Code     2  system_stm32f1xx.o(.text.SystemInit)
    USB_LP_CAN1_RX0_IRQHandler               0x080022a1   Thumb Code    12  stm32f1xx_it.o(.text.USB_LP_CAN1_RX0_IRQHandler)
    UsageFault_Handler                       0x080022ad   Thumb Code     2  stm32f1xx_it.o(.text.UsageFault_Handler)
    canDataPack                              0x080022b1   Thumb Code   486  can_app.o(.text.canDataPack)
    carDataUpdate                            0x08002499   Thumb Code   454  can_app.o(.text.carDataUpdate)
    fputc                                    0x08002661   Thumb Code    32  usart.o(.text.fputc)
    main                                     0x08002681   Thumb Code   156  main.o(.text.main)
    __aeabi_dadd                             0x08002731   Thumb Code     0  daddsub_clz.o(x$fpl$dadd)
    _dadd                                    0x08002731   Thumb Code   332  daddsub_clz.o(x$fpl$dadd)
    __aeabi_ddiv                             0x08002881   Thumb Code     0  ddiv.o(x$fpl$ddiv)
    _ddiv                                    0x08002881   Thumb Code   556  ddiv.o(x$fpl$ddiv)
    __aeabi_d2iz                             0x08002b35   Thumb Code     0  dfix.o(x$fpl$dfix)
    _dfix                                    0x08002b35   Thumb Code    94  dfix.o(x$fpl$dfix)
    __aeabi_ui2d                             0x08002b93   Thumb Code     0  dflt_clz.o(x$fpl$dfltu)
    _dfltu                                   0x08002b93   Thumb Code    38  dflt_clz.o(x$fpl$dfltu)
    __aeabi_dmul                             0x08002bb9   Thumb Code     0  dmul.o(x$fpl$dmul)
    _dmul                                    0x08002bb9   Thumb Code   332  dmul.o(x$fpl$dmul)
    __fpl_dnaninf                            0x08002d0d   Thumb Code   156  dnaninf.o(x$fpl$dnaninf)
    __fpl_dretinf                            0x08002da9   Thumb Code    12  dretinf.o(x$fpl$dretinf)
    __aeabi_dsub                             0x08002db5   Thumb Code     0  daddsub_clz.o(x$fpl$dsub)
    _dsub                                    0x08002db5   Thumb Code   472  daddsub_clz.o(x$fpl$dsub)
    __I$use$fp                               0x08002f90   Number         0  usenofp.o(x$fpl$usenofp)
    __stdin_name                             0x08002f90   Data           4  sys_io_names.o(.constdata)
    __stdout_name                            0x08002f94   Data           4  sys_io_names.o(.constdata)
    __stderr_name                            0x08002f98   Data           4  sys_io_names.o(.constdata)
    AHBPrescTable                            0x08002f9c   Data          16  system_stm32f1xx.o(.rodata.AHBPrescTable)
    APBPrescTable                            0x08002fac   Data           8  system_stm32f1xx.o(.rodata.APBPrescTable)
    Region$$Table$$Base                      0x08003060   Number         0  anon$$obj.o(Region$$Table)
    Region$$Table$$Limit                     0x08003080   Number         0  anon$$obj.o(Region$$Table)
    __aeabi_stdin                            0x20000000   Data           4  stdio_streams.o(.data)
    __aeabi_stdout                           0x20000004   Data           4  stdio_streams.o(.data)
    __aeabi_stderr                           0x20000008   Data           4  stdio_streams.o(.data)
    uwTickFreq                               0x2000000c   Data           1  stm32f1xx_hal.o(.data..L_MergedGlobals)
    uwTickPrio                               0x20000010   Data           4  stm32f1xx_hal.o(.data..L_MergedGlobals)
    upSpeedFlag                              0x20000014   Data           1  can_app.o(.data..L_MergedGlobals)
    batlevelFlag                             0x20000015   Data           1  can_app.o(.data..L_MergedGlobals)
    accFlag                                  0x20000016   Data           1  can_app.o(.data..L_MergedGlobals)
    SystemCoreClock                          0x20000018   Data           4  system_stm32f1xx.o(.data.SystemCoreClock)
    __stdin                                  0x20000020   Data          84  stdio_streams.o(.bss)
    __stdout                                 0x20000074   Data          84  stdio_streams.o(.bss)
    __stderr                                 0x200000c8   Data          84  stdio_streams.o(.bss)
    __libspace_start                         0x2000011c   Data          96  libspace.o(.bss)
    __temporary_stack_top$libspace           0x2000017c   Data           0  libspace.o(.bss)
    uploadFlag                               0x2000017c   Data           1  can_app.o(.bss..L_MergedGlobals.17)
    Gear_Receive                             0x2000017d   Data           1  can_app.o(.bss..L_MergedGlobals.17)
    CAN_TX_BOX1                              0x20000180   Data           4  can_app.o(.bss..L_MergedGlobals.17)
    racingCarData                            0x200001b8   Data          34  can_app.o(.bss..L_MergedGlobals.17)
    hcan                                     0x200001dc   Data          40  can.o(.bss.hcan)
    huart2                                   0x20000204   Data          72  usart.o(.bss.huart2)
    uwTick                                   0x2000024c   Data           4  stm32f1xx_hal.o(.bss.uwTick)



==============================================================================

Memory Map of the image

  Image Entry point : 0x080000ed

  Load Region LR_IROM1 (Base: 0x08000000, Size: 0x000030a0, Max: 0x00010000, ABSOLUTE)

    Execution Region ER_IROM1 (Exec base: 0x08000000, Load base: 0x08000000, Size: 0x00003080, Max: 0x00010000, ABSOLUTE)

    Exec Addr    Load Addr    Size         Type   Attr      Idx    E Section Name        Object

    0x08000000   0x08000000   0x000000ec   Data   RO            3    RESET               startup_stm32f103xb.o
    0x080000ec   0x080000ec   0x00000008   Code   RO          699  * !!!main             c_w.l(__main.o)
    0x080000f4   0x080000f4   0x00000034   Code   RO         1054    !!!scatter          c_w.l(__scatter.o)
    0x08000128   0x08000128   0x0000001a   Code   RO         1056    !!handler_copy      c_w.l(__scatter_copy.o)
    0x08000142   0x08000142   0x00000002   PAD
    0x08000144   0x08000144   0x0000001c   Code   RO         1058    !!handler_zi        c_w.l(__scatter_zi.o)
    0x08000160   0x08000160   0x00000002   Code   RO          851    .ARM.Collect$$libinit$$00000000  c_w.l(libinit.o)
    0x08000162   0x08000162   0x00000000   Code   RO          853    .ARM.Collect$$libinit$$00000002  c_w.l(libinit2.o)
    0x08000162   0x08000162   0x00000000   Code   RO          855    .ARM.Collect$$libinit$$00000004  c_w.l(libinit2.o)
    0x08000162   0x08000162   0x00000000   Code   RO          857    .ARM.Collect$$libinit$$00000006  c_w.l(libinit2.o)
    0x08000162   0x08000162   0x00000008   Code   RO          858    .ARM.Collect$$libinit$$00000007  c_w.l(libinit2.o)
    0x0800016a   0x0800016a   0x00000000   Code   RO          860    .ARM.Collect$$libinit$$0000000C  c_w.l(libinit2.o)
    0x0800016a   0x0800016a   0x00000000   Code   RO          862    .ARM.Collect$$libinit$$0000000E  c_w.l(libinit2.o)
    0x0800016a   0x0800016a   0x00000000   Code   RO          864    .ARM.Collect$$libinit$$00000010  c_w.l(libinit2.o)
    0x0800016a   0x0800016a   0x00000000   Code   RO          867    .ARM.Collect$$libinit$$00000013  c_w.l(libinit2.o)
    0x0800016a   0x0800016a   0x00000000   Code   RO          869    .ARM.Collect$$libinit$$00000015  c_w.l(libinit2.o)
    0x0800016a   0x0800016a   0x00000000   Code   RO          871    .ARM.Collect$$libinit$$00000017  c_w.l(libinit2.o)
    0x0800016a   0x0800016a   0x00000000   Code   RO          873    .ARM.Collect$$libinit$$00000019  c_w.l(libinit2.o)
    0x0800016a   0x0800016a   0x00000000   Code   RO          875    .ARM.Collect$$libinit$$0000001B  c_w.l(libinit2.o)
    0x0800016a   0x0800016a   0x00000000   Code   RO          877    .ARM.Collect$$libinit$$0000001D  c_w.l(libinit2.o)
    0x0800016a   0x0800016a   0x00000000   Code   RO          879    .ARM.Collect$$libinit$$0000001F  c_w.l(libinit2.o)
    0x0800016a   0x0800016a   0x00000000   Code   RO          881    .ARM.Collect$$libinit$$00000021  c_w.l(libinit2.o)
    0x0800016a   0x0800016a   0x00000000   Code   RO          883    .ARM.Collect$$libinit$$00000023  c_w.l(libinit2.o)
    0x0800016a   0x0800016a   0x00000000   Code   RO          885    .ARM.Collect$$libinit$$00000025  c_w.l(libinit2.o)
    0x0800016a   0x0800016a   0x00000004   Code   RO          886    .ARM.Collect$$libinit$$00000026  c_w.l(libinit2.o)
    0x0800016e   0x0800016e   0x00000000   Code   RO          887    .ARM.Collect$$libinit$$00000027  c_w.l(libinit2.o)
    0x0800016e   0x0800016e   0x00000000   Code   RO          891    .ARM.Collect$$libinit$$0000002E  c_w.l(libinit2.o)
    0x0800016e   0x0800016e   0x00000000   Code   RO          893    .ARM.Collect$$libinit$$00000030  c_w.l(libinit2.o)
    0x0800016e   0x0800016e   0x00000000   Code   RO          895    .ARM.Collect$$libinit$$00000032  c_w.l(libinit2.o)
    0x0800016e   0x0800016e   0x00000000   Code   RO          897    .ARM.Collect$$libinit$$00000034  c_w.l(libinit2.o)
    0x0800016e   0x0800016e   0x00000002   Code   RO          898    .ARM.Collect$$libinit$$00000035  c_w.l(libinit2.o)
    0x08000170   0x08000170   0x00000002   Code   RO         1033    .ARM.Collect$$libshutdown$$00000000  c_w.l(libshutdown.o)
    0x08000172   0x08000172   0x00000000   Code   RO          900    .ARM.Collect$$libshutdown$$00000002  c_w.l(libshutdown2.o)
    0x08000172   0x08000172   0x00000004   Code   RO          901    .ARM.Collect$$libshutdown$$00000003  c_w.l(libshutdown2.o)
    0x08000176   0x08000176   0x00000000   Code   RO          902    .ARM.Collect$$libshutdown$$00000004  c_w.l(libshutdown2.o)
    0x08000176   0x08000176   0x00000000   Code   RO          905    .ARM.Collect$$libshutdown$$00000007  c_w.l(libshutdown2.o)
    0x08000176   0x08000176   0x00000000   Code   RO          908    .ARM.Collect$$libshutdown$$0000000A  c_w.l(libshutdown2.o)
    0x08000176   0x08000176   0x00000000   Code   RO          910    .ARM.Collect$$libshutdown$$0000000C  c_w.l(libshutdown2.o)
    0x08000176   0x08000176   0x00000000   Code   RO          913    .ARM.Collect$$libshutdown$$0000000F  c_w.l(libshutdown2.o)
    0x08000176   0x08000176   0x00000002   Code   RO          914    .ARM.Collect$$libshutdown$$00000010  c_w.l(libshutdown2.o)
    0x08000178   0x08000178   0x00000000   Code   RO          723    .ARM.Collect$$rtentry$$00000000  c_w.l(__rtentry.o)
    0x08000178   0x08000178   0x00000000   Code   RO          738    .ARM.Collect$$rtentry$$00000002  c_w.l(__rtentry2.o)
    0x08000178   0x08000178   0x00000006   Code   RO          750    .ARM.Collect$$rtentry$$00000004  c_w.l(__rtentry4.o)
    0x0800017e   0x0800017e   0x00000000   Code   RO          740    .ARM.Collect$$rtentry$$00000009  c_w.l(__rtentry2.o)
    0x0800017e   0x0800017e   0x00000004   Code   RO          741    .ARM.Collect$$rtentry$$0000000A  c_w.l(__rtentry2.o)
    0x08000182   0x08000182   0x00000000   Code   RO          743    .ARM.Collect$$rtentry$$0000000C  c_w.l(__rtentry2.o)
    0x08000182   0x08000182   0x00000008   Code   RO          744    .ARM.Collect$$rtentry$$0000000D  c_w.l(__rtentry2.o)
    0x0800018a   0x0800018a   0x00000002   Code   RO          922    .ARM.Collect$$rtexit$$00000000  c_w.l(rtexit.o)
    0x0800018c   0x0800018c   0x00000000   Code   RO          973    .ARM.Collect$$rtexit$$00000002  c_w.l(rtexit2.o)
    0x0800018c   0x0800018c   0x00000004   Code   RO          974    .ARM.Collect$$rtexit$$00000003  c_w.l(rtexit2.o)
    0x08000190   0x08000190   0x00000006   Code   RO          975    .ARM.Collect$$rtexit$$00000004  c_w.l(rtexit2.o)
    0x08000196   0x08000196   0x00000002   PAD
    0x08000198   0x08000198   0x00000040   Code   RO            4    .text               startup_stm32f103xb.o
    0x080001d8   0x080001d8   0x00000018   Code   RO          693    .text               c_w.l(noretval__2printf.o)
    0x080001f0   0x080001f0   0x0000002c   Code   RO          695    .text               c_w.l(puts.o)
    0x0800021c   0x0800021c   0x00000006   Code   RO          697    .text               c_w.l(heapauxi.o)
    0x08000222   0x08000222   0x00000002   PAD
    0x08000224   0x08000224   0x00000024   Code   RO          724    .text               c_w.l(_printf_char_file.o)
    0x08000248   0x08000248   0x00000030   Code   RO          752    .text               c_w.l(_printf_char_common.o)
    0x08000278   0x08000278   0x00000008   Code   RO          754    .text               c_w.l(ferror.o)
    0x08000280   0x08000280   0x00000138   Code   RO          756    .text               c_w.l(initio.o)
    0x080003b8   0x080003b8   0x0000004a   Code   RO          767    .text               c_w.l(sys_stackheap_outer.o)
    0x08000402   0x08000402   0x0000004e   Code   RO          771    .text               c_w.l(h1_free.o)
    0x08000450   0x08000450   0x00000028   Code   RO          825    .text               c_w.l(__printf_nopercent.o)
    0x08000478   0x08000478   0x00000046   Code   RO          827    .text               c_w.l(setvbuf.o)
    0x080004be   0x080004be   0x00000002   PAD
    0x080004c0   0x080004c0   0x000000f0   Code   RO          830    .text               c_w.l(fopen.o)
    0x080005b0   0x080005b0   0x0000004c   Code   RO          832    .text               c_w.l(fclose.o)
    0x080005fc   0x080005fc   0x00000012   Code   RO          838    .text               c_w.l(exit.o)
    0x0800060e   0x0800060e   0x0000000e   Code   RO          840    .text               c_w.l(defsig_rtred_outer.o)
    0x0800061c   0x0800061c   0x0000004e   Code   RO          844    .text               c_w.l(rt_memclr_w.o)
    0x0800066a   0x0800066a   0x00000066   Code   RO          915    .text               c_w.l(sys_io.o)
    0x080006d0   0x080006d0   0x00000008   Code   RO          919    .text               c_w.l(libspace.o)
    0x080006d8   0x080006d8   0x00000008   Code   RO          929    .text               c_w.l(rt_heap_descriptor_intlibspace.o)
    0x080006e0   0x080006e0   0x00000004   Code   RO          931    .text               c_w.l(hguard.o)
    0x080006e4   0x080006e4   0x0000008a   Code   RO          933    .text               c_w.l(init_alloc.o)
    0x0800076e   0x0800076e   0x0000005e   Code   RO          939    .text               c_w.l(h1_alloc.o)
    0x080007cc   0x080007cc   0x000000f8   Code   RO          951    .text               c_w.l(fseek.o)
    0x080008c4   0x080008c4   0x00000108   Code   RO          953    .text               c_w.l(stdio.o)
    0x080009cc   0x080009cc   0x0000000a   Code   RO          955    .text               c_w.l(defsig_exit.o)
    0x080009d6   0x080009d6   0x00000002   PAD
    0x080009d8   0x080009d8   0x00000034   Code   RO          957    .text               c_w.l(defsig_rtred_inner.o)
    0x08000a0c   0x08000a0c   0x0000000c   Code   RO          965    .text               c_w.l(sys_exit.o)
    0x08000a18   0x08000a18   0x00000002   Code   RO          969    .text               c_w.l(use_no_semi.o)
    0x08000a1a   0x08000a1a   0x00000000   Code   RO          971    .text               c_w.l(indicate_semi.o)
    0x08000a1a   0x08000a1a   0x00000000   Code   RO          979    .text               c_w.l(maybetermalloc1.o)
    0x08000a1a   0x08000a1a   0x0000000e   Code   RO          981    .text               c_w.l(h1_init.o)
    0x08000a28   0x08000a28   0x00000034   Code   RO          983    .text               c_w.l(h1_extend.o)
    0x08000a5c   0x08000a5c   0x00000042   Code   RO          989    .text               c_w.l(ftell.o)
    0x08000a9e   0x08000a9e   0x00000032   Code   RO          993    .text               c_w.l(defsig_general.o)
    0x08000ad0   0x08000ad0   0x0000000e   Code   RO          995    .text               c_w.l(defsig_rtmem_outer.o)
    0x08000ade   0x08000ade   0x0000003e   Code   RO          999    .text               c_w.l(strlen.o)
    0x08000b1c   0x08000b1c   0x0000000e   Code   RO         1010    .text               c_w.l(sys_wrch.o)
    0x08000b2a   0x08000b2a   0x00000002   PAD
    0x08000b2c   0x08000b2c   0x00000008   Code   RO         1021    .text               c_w.l(rt_errno_addr_intlibspace.o)
    0x08000b34   0x08000b34   0x00000050   Code   RO         1027    .text               c_w.l(defsig_rtmem_inner.o)
    0x08000b84   0x08000b84   0x00000002   Code   RO           71    .text.BusFault_Handler  stm32f1xx_it.o
    0x08000b86   0x08000b86   0x00000002   PAD
    0x08000b88   0x08000b88   0x00000108   Code   RO          669    .text.CanFilterInit  can_app.o
    0x08000c90   0x08000c90   0x00000002   Code   RO           77    .text.DebugMon_Handler  stm32f1xx_it.o
    0x08000c92   0x08000c92   0x00000002   PAD
    0x08000c94   0x08000c94   0x0000000a   Code   RO           15    .text.Error_Handler  main.o
    0x08000c9e   0x08000c9e   0x00000002   PAD
    0x08000ca0   0x08000ca0   0x0000002e   Code   RO          149    .text.HAL_CAN_ActivateNotification  stm32f1xx_hal_can.o
    0x08000cce   0x08000cce   0x00000002   PAD
    0x08000cd0   0x08000cd0   0x000000a8   Code   RO          135    .text.HAL_CAN_AddTxMessage  stm32f1xx_hal_can.o
    0x08000d78   0x08000d78   0x000000ea   Code   RO          125    .text.HAL_CAN_ConfigFilter  stm32f1xx_hal_can.o
    0x08000e62   0x08000e62   0x00000002   PAD
    0x08000e64   0x08000e64   0x00000002   Code   RO          179    .text.HAL_CAN_ErrorCallback  stm32f1xx_hal_can.o
    0x08000e66   0x08000e66   0x00000002   PAD
    0x08000e68   0x08000e68   0x00000134   Code   RO          145    .text.HAL_CAN_GetRxMessage  stm32f1xx_hal_can.o
    0x08000f9c   0x08000f9c   0x0000025e   Code   RO          153    .text.HAL_CAN_IRQHandler  stm32f1xx_hal_can.o
    0x080011fa   0x080011fa   0x00000002   PAD
    0x080011fc   0x080011fc   0x000000f4   Code   RO          115    .text.HAL_CAN_Init  stm32f1xx_hal_can.o
    0x080012f0   0x080012f0   0x0000008a   Code   RO           35    .text.HAL_CAN_MspInit  can.o
    0x0800137a   0x0800137a   0x00000002   PAD
    0x0800137c   0x0800137c   0x00000002   Code   RO          167    .text.HAL_CAN_RxFifo0FullCallback  stm32f1xx_hal_can.o
    0x0800137e   0x0800137e   0x00000002   PAD
    0x08001380   0x08001380   0x0000004c   Code   RO          677    .text.HAL_CAN_RxFifo0MsgPendingCallback  can_app.o
    0x080013cc   0x080013cc   0x00000002   Code   RO          171    .text.HAL_CAN_RxFifo1FullCallback  stm32f1xx_hal_can.o
    0x080013ce   0x080013ce   0x00000002   PAD
    0x080013d0   0x080013d0   0x00000002   Code   RO          173    .text.HAL_CAN_RxFifo1MsgPendingCallback  stm32f1xx_hal_can.o
    0x080013d2   0x080013d2   0x00000002   PAD
    0x080013d4   0x080013d4   0x00000002   Code   RO          175    .text.HAL_CAN_SleepCallback  stm32f1xx_hal_can.o
    0x080013d6   0x080013d6   0x00000002   PAD
    0x080013d8   0x080013d8   0x0000005a   Code   RO          127    .text.HAL_CAN_Start  stm32f1xx_hal_can.o
    0x08001432   0x08001432   0x00000002   PAD
    0x08001434   0x08001434   0x00000002   Code   RO          157    .text.HAL_CAN_TxMailbox0AbortCallback  stm32f1xx_hal_can.o
    0x08001436   0x08001436   0x00000002   PAD
    0x08001438   0x08001438   0x00000002   Code   RO          155    .text.HAL_CAN_TxMailbox0CompleteCallback  stm32f1xx_hal_can.o
    0x0800143a   0x0800143a   0x00000002   PAD
    0x0800143c   0x0800143c   0x00000002   Code   RO          161    .text.HAL_CAN_TxMailbox1AbortCallback  stm32f1xx_hal_can.o
    0x0800143e   0x0800143e   0x00000002   PAD
    0x08001440   0x08001440   0x00000002   Code   RO          159    .text.HAL_CAN_TxMailbox1CompleteCallback  stm32f1xx_hal_can.o
    0x08001442   0x08001442   0x00000002   PAD
    0x08001444   0x08001444   0x00000002   Code   RO          165    .text.HAL_CAN_TxMailbox2AbortCallback  stm32f1xx_hal_can.o
    0x08001446   0x08001446   0x00000002   PAD
    0x08001448   0x08001448   0x00000002   Code   RO          163    .text.HAL_CAN_TxMailbox2CompleteCallback  stm32f1xx_hal_can.o
    0x0800144a   0x0800144a   0x00000002   PAD
    0x0800144c   0x0800144c   0x00000002   Code   RO          177    .text.HAL_CAN_WakeUpFromRxMsgCallback  stm32f1xx_hal_can.o
    0x0800144e   0x0800144e   0x00000002   PAD
    0x08001450   0x08001450   0x00000028   Code   RO          215    .text.HAL_Delay     stm32f1xx_hal.o
    0x08001478   0x08001478   0x0000021a   Code   RO          307    .text.HAL_GPIO_Init  stm32f1xx_hal_gpio.o
    0x08001692   0x08001692   0x00000002   PAD
    0x08001694   0x08001694   0x0000000c   Code   RO          207    .text.HAL_GetTick   stm32f1xx_hal.o
    0x080016a0   0x080016a0   0x0000001a   Code   RO          205    .text.HAL_IncTick   stm32f1xx_hal.o
    0x080016ba   0x080016ba   0x00000002   PAD
    0x080016bc   0x080016bc   0x00000026   Code   RO          195    .text.HAL_Init      stm32f1xx_hal.o
    0x080016e2   0x080016e2   0x00000002   PAD
    0x080016e4   0x080016e4   0x00000048   Code   RO          197    .text.HAL_InitTick  stm32f1xx_hal.o
    0x0800172c   0x0800172c   0x00000042   Code   RO           92    .text.HAL_MspInit   stm32f1xx_hal_msp.o
    0x0800176e   0x0800176e   0x00000002   PAD
    0x08001770   0x08001770   0x00000026   Code   RO          367    .text.HAL_NVIC_EnableIRQ  stm32f1xx_hal_cortex.o
    0x08001796   0x08001796   0x00000002   PAD
    0x08001798   0x08001798   0x00000056   Code   RO          365    .text.HAL_NVIC_SetPriority  stm32f1xx_hal_cortex.o
    0x080017ee   0x080017ee   0x00000002   PAD
    0x080017f0   0x080017f0   0x00000020   Code   RO          363    .text.HAL_NVIC_SetPriorityGrouping  stm32f1xx_hal_cortex.o
    0x08001810   0x08001810   0x000001be   Code   RO          259    .text.HAL_RCC_ClockConfig  stm32f1xx_hal_rcc.o
    0x080019ce   0x080019ce   0x00000002   PAD
    0x080019d0   0x080019d0   0x00000026   Code   RO          271    .text.HAL_RCC_GetPCLK1Freq  stm32f1xx_hal_rcc.o
    0x080019f6   0x080019f6   0x00000002   PAD
    0x080019f8   0x080019f8   0x00000026   Code   RO          273    .text.HAL_RCC_GetPCLK2Freq  stm32f1xx_hal_rcc.o
    0x08001a1e   0x08001a1e   0x00000002   PAD
    0x08001a20   0x08001a20   0x000003b4   Code   RO          257    .text.HAL_RCC_OscConfig  stm32f1xx_hal_rcc.o
    0x08001dd4   0x08001dd4   0x0000002c   Code   RO          375    .text.HAL_SYSTICK_Config  stm32f1xx_hal_cortex.o
    0x08001e00   0x08001e00   0x000000e2   Code   RO          530    .text.HAL_UART_Init  stm32f1xx_hal_uart.o
    0x08001ee2   0x08001ee2   0x00000002   PAD
    0x08001ee4   0x08001ee4   0x00000076   Code   RO           50    .text.HAL_UART_MspInit  usart.o
    0x08001f5a   0x08001f5a   0x00000002   PAD
    0x08001f5c   0x08001f5c   0x00000278   Code   RO          544    .text.HAL_UART_Transmit  stm32f1xx_hal_uart.o
    0x080021d4   0x080021d4   0x00000002   Code   RO           67    .text.HardFault_Handler  stm32f1xx_it.o
    0x080021d6   0x080021d6   0x00000002   PAD
    0x080021d8   0x080021d8   0x00000040   Code   RO           33    .text.MX_CAN_Init   can.o
    0x08002218   0x08002218   0x00000032   Code   RO           25    .text.MX_GPIO_Init  gpio.o
    0x0800224a   0x0800224a   0x00000002   PAD
    0x0800224c   0x0800224c   0x0000003c   Code   RO           48    .text.MX_USART2_UART_Init  usart.o
    0x08002288   0x08002288   0x00000002   Code   RO           69    .text.MemManage_Handler  stm32f1xx_it.o
    0x0800228a   0x0800228a   0x00000002   PAD
    0x0800228c   0x0800228c   0x00000002   Code   RO           65    .text.NMI_Handler   stm32f1xx_it.o
    0x0800228e   0x0800228e   0x00000002   PAD
    0x08002290   0x08002290   0x00000002   Code   RO           79    .text.PendSV_Handler  stm32f1xx_it.o
    0x08002292   0x08002292   0x00000002   PAD
    0x08002294   0x08002294   0x00000002   Code   RO           75    .text.SVC_Handler   stm32f1xx_it.o
    0x08002296   0x08002296   0x00000002   PAD
    0x08002298   0x08002298   0x00000004   Code   RO           81    .text.SysTick_Handler  stm32f1xx_it.o
    0x0800229c   0x0800229c   0x00000002   Code   RO          650    .text.SystemInit    system_stm32f1xx.o
    0x0800229e   0x0800229e   0x00000002   PAD
    0x080022a0   0x080022a0   0x0000000c   Code   RO           83    .text.USB_LP_CAN1_RX0_IRQHandler  stm32f1xx_it.o
    0x080022ac   0x080022ac   0x00000002   Code   RO           73    .text.UsageFault_Handler  stm32f1xx_it.o
    0x080022ae   0x080022ae   0x00000002   PAD
    0x080022b0   0x080022b0   0x000001e6   Code   RO          673    .text.canDataPack   can_app.o
    0x08002496   0x08002496   0x00000002   PAD
    0x08002498   0x08002498   0x000001c6   Code   RO          671    .text.carDataUpdate  can_app.o
    0x0800265e   0x0800265e   0x00000002   PAD
    0x08002660   0x08002660   0x00000020   Code   RO           54    .text.fputc         usart.o
    0x08002680   0x08002680   0x000000b0   Code   RO           11    .text.main          main.o
    0x08002730   0x08002730   0x00000150   Code   RO          701    x$fpl$dadd          fz_ws.l(daddsub_clz.o)
    0x08002880   0x08002880   0x000002b4   Code   RO          708    x$fpl$ddiv          fz_ws.l(ddiv.o)
    0x08002b34   0x08002b34   0x0000005e   Code   RO          711    x$fpl$dfix          fz_ws.l(dfix.o)
    0x08002b92   0x08002b92   0x00000026   Code   RO          715    x$fpl$dfltu         fz_ws.l(dflt_clz.o)
    0x08002bb8   0x08002bb8   0x00000154   Code   RO          721    x$fpl$dmul          fz_ws.l(dmul.o)
    0x08002d0c   0x08002d0c   0x0000009c   Code   RO          732    x$fpl$dnaninf       fz_ws.l(dnaninf.o)
    0x08002da8   0x08002da8   0x0000000c   Code   RO          734    x$fpl$dretinf       fz_ws.l(dretinf.o)
    0x08002db4   0x08002db4   0x000001dc   Code   RO          703    x$fpl$dsub          fz_ws.l(daddsub_clz.o)
    0x08002f90   0x08002f90   0x00000000   Code   RO          736    x$fpl$usenofp       fz_ws.l(usenofp.o)
    0x08002f90   0x08002f90   0x00000004   Data   RO          762    .constdata          c_w.l(sys_io_names.o)
    0x08002f94   0x08002f94   0x00000004   Data   RO          763    .constdata          c_w.l(sys_io_names.o)
    0x08002f98   0x08002f98   0x00000004   Data   RO          764    .constdata          c_w.l(sys_io_names.o)
    0x08002f9c   0x08002f9c   0x00000010   Data   RO          655    .rodata.AHBPrescTable  system_stm32f1xx.o
    0x08002fac   0x08002fac   0x00000008   Data   RO          656    .rodata.APBPrescTable  system_stm32f1xx.o
    0x08002fb4   0x08002fb4   0x00000002   Data   RO          284    .rodata.HAL_RCC_GetSysClockFreq.aPredivFactorTable  stm32f1xx_hal_rcc.o
    0x08002fb6   0x08002fb6   0x00000010   Data   RO          283    .rodata.cst16       stm32f1xx_hal_rcc.o
    0x08002fc6   0x08002fc6   0x00000098   Data   RO          679    .rodata.str1.1      can_app.o
    0x0800305e   0x0800305e   0x00000002   PAD
    0x08003060   0x08003060   0x00000020   Data   RO         1053    Region$$Table       anon$$obj.o


    Execution Region RW_IRAM1 (Exec base: 0x20000000, Load base: 0x08003080, Size: 0x00000850, Max: 0x00005000, ABSOLUTE)

    Exec Addr    Load Addr    Size         Type   Attr      Idx    E Section Name        Object

    0x20000000   0x08003080   0x00000004   Data   RW          729    .data               c_w.l(stdio_streams.o)
    0x20000004   0x08003084   0x00000004   Data   RW          730    .data               c_w.l(stdio_streams.o)
    0x20000008   0x08003088   0x00000004   Data   RW          731    .data               c_w.l(stdio_streams.o)
    0x2000000c   0x0800308c   0x00000008   Data   RW          246    .data..L_MergedGlobals  stm32f1xx_hal.o
    0x20000014   0x08003094   0x00000003   Data   RW          680    .data..L_MergedGlobals  can_app.o
    0x20000017   0x08003097   0x00000001   PAD
    0x20000018   0x08003098   0x00000004   Data   RW          654    .data.SystemCoreClock  system_stm32f1xx.o
    0x2000001c   0x0800309c   0x00000004   PAD
    0x20000020        -       0x00000054   Zero   RW          726    .bss                c_w.l(stdio_streams.o)
    0x20000074        -       0x00000054   Zero   RW          727    .bss                c_w.l(stdio_streams.o)
    0x200000c8        -       0x00000054   Zero   RW          728    .bss                c_w.l(stdio_streams.o)
    0x2000011c        -       0x00000060   Zero   RW          920    .bss                c_w.l(libspace.o)
    0x2000017c        -       0x0000005e   Zero   RW          681    .bss..L_MergedGlobals.17  can_app.o
    0x200001da   0x0800309c   0x00000002   PAD
    0x200001dc        -       0x00000028   Zero   RW           39    .bss.hcan           can.o
    0x20000204        -       0x00000048   Zero   RW           56    .bss.huart2         usart.o
    0x2000024c        -       0x00000004   Zero   RW          245    .bss.uwTick         stm32f1xx_hal.o
    0x20000250        -       0x00000200   Zero   RW            2    HEAP                startup_stm32f103xb.o
    0x20000450        -       0x00000400   Zero   RW            1    STACK               startup_stm32f103xb.o


==============================================================================

Image component sizes


      Code (inc. data)   RO Data    RW Data    ZI Data      Debug   Object Name

       202          0          0          0         40       4952   can.o
      1280        112        152          3         94       6719   can_app.o
        50          0          0          0          0        920   gpio.o
       186         20          0          0          0       2009   main.o
        64         26        236          0       1536        804   startup_stm32f103xb.o
       188          0          0          8          4       5751   stm32f1xx_hal.o
      1720          6          0          0          0      13711   stm32f1xx_hal_can.o
       200          0          0          0          0       8509   stm32f1xx_hal_cortex.o
       538         22          0          0          0       4579   stm32f1xx_hal_gpio.o
        66          0          0          0          0       1205   stm32f1xx_hal_msp.o
      1470          0         18          0          0       7681   stm32f1xx_hal_rcc.o
       858          0          0          0          0      32340   stm32f1xx_hal_uart.o
        32          0          0          0          0       3325   stm32f1xx_it.o
         2          0         24          4          0       1631   system_stm32f1xx.o
       210          0          0          0         72       4807   usart.o

    ----------------------------------------------------------------------
      7148        186        464         16       1752      98943   Object Totals
         0          0         32          0          0          0   (incl. Generated)
        82          0          2          1          6          0   (incl. Padding)

    ----------------------------------------------------------------------

      Code (inc. data)   RO Data    RW Data    ZI Data      Debug   Library Member Name

         8          0          0          0          0         68   __main.o
        40          0          0          0          0         84   __printf_nopercent.o
         0          0          0          0          0          0   __rtentry.o
        12          0          0          0          0          0   __rtentry2.o
         6          0          0          0          0          0   __rtentry4.o
        52          8          0          0          0          0   __scatter.o
        26          0          0          0          0          0   __scatter_copy.o
        28          0          0          0          0          0   __scatter_zi.o
        48          6          0          0          0         96   _printf_char_common.o
        36          4          0          0          0         80   _printf_char_file.o
        10          0          0          0          0         68   defsig_exit.o
        50          0          0          0          0         88   defsig_general.o
        80         58          0          0          0         76   defsig_rtmem_inner.o
        14          0          0          0          0         80   defsig_rtmem_outer.o
        52         38          0          0          0         76   defsig_rtred_inner.o
        14          0          0          0          0         80   defsig_rtred_outer.o
        18          0          0          0          0         80   exit.o
        76          0          0          0          0         88   fclose.o
         8          0          0          0          0         68   ferror.o
       240          6          0          0          0        128   fopen.o
       248          6          0          0          0         84   fseek.o
        66          0          0          0          0         76   ftell.o
        94          0          0          0          0         80   h1_alloc.o
        52          0          0          0          0         68   h1_extend.o
        78          0          0          0          0         80   h1_free.o
        14          0          0          0          0         84   h1_init.o
         6          0          0          0          0        152   heapauxi.o
         4          0          0          0          0        136   hguard.o
         0          0          0          0          0          0   indicate_semi.o
       138          0          0          0          0        168   init_alloc.o
       312         46          0          0          0        112   initio.o
         2          0          0          0          0          0   libinit.o
        14          0          0          0          0          0   libinit2.o
         2          0          0          0          0          0   libshutdown.o
         6          0          0          0          0          0   libshutdown2.o
         8          4          0          0         96         68   libspace.o
         0          0          0          0          0          0   maybetermalloc1.o
        24          4          0          0          0         84   noretval__2printf.o
        44          4          0          0          0         84   puts.o
         8          4          0          0          0         68   rt_errno_addr_intlibspace.o
         8          4          0          0          0         68   rt_heap_descriptor_intlibspace.o
        78          0          0          0          0         80   rt_memclr_w.o
         2          0          0          0          0          0   rtexit.o
        10          0          0          0          0          0   rtexit2.o
        70          0          0          0          0         80   setvbuf.o
       264          6          0          0          0        160   stdio.o
         0          0          0         12        252          0   stdio_streams.o
        62          0          0          0          0         76   strlen.o
        12          4          0          0          0         68   sys_exit.o
       102          0          0          0          0        240   sys_io.o
         0          0         12          0          0          0   sys_io_names.o
        74          0          0          0          0         80   sys_stackheap_outer.o
        14          0          0          0          0         76   sys_wrch.o
         2          0          0          0          0         68   use_no_semi.o
       812         16          0          0          0        296   daddsub_clz.o
       692        140          0          0          0        216   ddiv.o
        94          4          0          0          0         92   dfix.o
        38          0          0          0          0         68   dflt_clz.o
       340         12          0          0          0        104   dmul.o
       156          4          0          0          0         92   dnaninf.o
        12          0          0          0          0         68   dretinf.o
         0          0          0          0          0          0   usenofp.o

    ----------------------------------------------------------------------
      4792        378         12         12        348       4436   Library Totals
        12          0          0          0          0          0   (incl. Padding)

    ----------------------------------------------------------------------

      Code (inc. data)   RO Data    RW Data    ZI Data      Debug   Library Name

      2636        202         12         12        348       3500   c_w.l
      2144        176          0          0          0        936   fz_ws.l

    ----------------------------------------------------------------------
      4792        378         12         12        348       4436   Library Totals

    ----------------------------------------------------------------------

==============================================================================


      Code (inc. data)   RO Data    RW Data    ZI Data      Debug   

     11940        564        476         28       2100     100931   Grand Totals
     11940        564        476         28       2100     100931   ELF Image Totals
     11940        564        476         28          0          0   ROM Totals

==============================================================================

    Total RO  Size (Code + RO Data)                12416 (  12.12kB)
    Total RW  Size (RW Data + ZI Data)              2128 (   2.08kB)
    Total ROM Size (Code + RO Data + RW Data)      12444 (  12.15kB)

==============================================================================

